[2026-04-28 08:24:51] production.ERROR: The C:\Users\ASUS\Downloads\YG Soft1\YG Calendar\bootstrap\cache directory must be present and writable. {"exception":"[object] (Exception(code: 0): The C:\\Users\\ASUS\\Downloads\\YG Soft1\\YG Calendar\\bootstrap\\cache directory must be present and writable. at C:/Users/ASUS/Downloads/YG Soft1/YG Calendar/vendor/laravel/framework/src/Illuminate/Foundation/PackageManifest.php:179)
[stacktrace]
#0 C:/Users/ASUS/Downloads/YG Soft1/YG Calendar/vendor/laravel/framework/src/Illuminate/Foundation/PackageManifest.php(132): Illuminate/Foundation/PackageManifest->write()
#1 C:/Users/ASUS/Downloads/YG Soft1/YG Calendar/vendor/laravel/framework/src/Illuminate/Foundation/PackageManifest.php(108): Illuminate/Foundation/PackageManifest->build()
#2 C:/Users/ASUS/Downloads/YG Soft1/YG Calendar/vendor/laravel/framework/src/Illuminate/Foundation/PackageManifest.php(91): Illuminate/Foundation/PackageManifest->getManifest()
#3 C:/Users/ASUS/Downloads/YG Soft1/YG Calendar/vendor/laravel/framework/src/Illuminate/Foundation/PackageManifest.php(80): Illuminate/Foundation/PackageManifest->config()
#4 C:/Users/ASUS/Downloads/YG Soft1/YG Calendar/vendor/laravel/framework/src/Illuminate/Foundation/Bootstrap/RegisterFacades.php(26): Illuminate/Foundation/PackageManifest->aliases()
#5 C:/Users/ASUS/Downloads/YG Soft1/YG Calendar/vendor/laravel/framework/src/Illuminate/Foundation/Application.php(342): Illuminate/Foundation/Bootstrap/RegisterFacades->bootstrap()
#6 C:/Users/ASUS/Downloads/YG Soft1/YG Calendar/vendor/laravel/framework/src/Illuminate/Foundation/Console/Kernel.php(474): Illuminate/Foundation/Application->bootstrapWith()
#7 C:/Users/ASUS/Downloads/YG Soft1/YG Calendar/vendor/laravel/framework/src/Illuminate/Foundation/Console/Kernel.php(196): Illuminate/Foundation/Console/Kernel->bootstrap()
#8 C:/Users/ASUS/Downloads/YG Soft1/YG Calendar/vendor/laravel/framework/src/Illuminate/Foundation/Application.php(1235): Illuminate/Foundation/Console/Kernel->handle()
#9 C:/Users/ASUS/Downloads/YG Soft1/YG Calendar/artisan(13): Illuminate/Foundation/Application->handleCommand()
#10 {main}
"} 
[2026-05-06 18:54:41] production.ERROR: The C:\Users\ASUS\Downloads\YG Soft1\YG Calendar\bootstrap\cache directory must be present and writable. {"exception":"[object] (Exception(code: 0): The C:\\Users\\ASUS\\Downloads\\YG Soft1\\YG Calendar\\bootstrap\\cache directory must be present and writable. at C:/Users/ASUS/Downloads/YG Soft1/YG Calendar/vendor/laravel/framework/src/Illuminate/Foundation/PackageManifest.php:179)
[stacktrace]
#0 C:/Users/ASUS/Downloads/YG Soft1/YG Calendar/vendor/laravel/framework/src/Illuminate/Foundation/PackageManifest.php(132): Illuminate/Foundation/PackageManifest->write()
#1 C:/Users/ASUS/Downloads/YG Soft1/YG Calendar/vendor/laravel/framework/src/Illuminate/Foundation/PackageManifest.php(108): Illuminate/Foundation/PackageManifest->build()
#2 C:/Users/ASUS/Downloads/YG Soft1/YG Calendar/vendor/laravel/framework/src/Illuminate/Foundation/PackageManifest.php(91): Illuminate/Foundation/PackageManifest->getManifest()
#3 C:/Users/ASUS/Downloads/YG Soft1/YG Calendar/vendor/laravel/framework/src/Illuminate/Foundation/PackageManifest.php(80): Illuminate/Foundation/PackageManifest->config()
#4 C:/Users/ASUS/Downloads/YG Soft1/YG Calendar/vendor/laravel/framework/src/Illuminate/Foundation/Bootstrap/RegisterFacades.php(26): Illuminate/Foundation/PackageManifest->aliases()
#5 C:/Users/ASUS/Downloads/YG Soft1/YG Calendar/vendor/laravel/framework/src/Illuminate/Foundation/Application.php(342): Illuminate/Foundation/Bootstrap/RegisterFacades->bootstrap()
#6 C:/Users/ASUS/Downloads/YG Soft1/YG Calendar/vendor/laravel/framework/src/Illuminate/Foundation/Console/Kernel.php(474): Illuminate/Foundation/Application->bootstrapWith()
#7 C:/Users/ASUS/Downloads/YG Soft1/YG Calendar/vendor/laravel/framework/src/Illuminate/Foundation/Console/Kernel.php(196): Illuminate/Foundation/Console/Kernel->bootstrap()
#8 C:/Users/ASUS/Downloads/YG Soft1/YG Calendar/vendor/laravel/framework/src/Illuminate/Foundation/Application.php(1235): Illuminate/Foundation/Console/Kernel->handle()
#9 C:/Users/ASUS/Downloads/YG Soft1/YG Calendar/artisan(13): Illuminate/Foundation/Application->handleCommand()
#10 {main}
"} 
[2026-05-06 18:55:41] production.ERROR: Please provide a valid cache path. {"exception":"[object] (InvalidArgumentException(code: 0): Please provide a valid cache path. at C:/Users/ASUS/Downloads/YG Soft1/YG Calendar/vendor/laravel/framework/src/Illuminate/View/Compilers/Compiler.php:67)
[stacktrace]
#0 C:/Users/ASUS/Downloads/YG Soft1/YG Calendar/vendor/laravel/framework/src/Illuminate/View/ViewServiceProvider.php(97): Illuminate/View/Compilers/Compiler->__construct()
#1 C:/Users/ASUS/Downloads/YG Soft1/YG Calendar/vendor/laravel/framework/src/Illuminate/Container/Container.php(952): Illuminate/View/ViewServiceProvider->Illuminate/View/{closure}()
#2 C:/Users/ASUS/Downloads/YG Soft1/YG Calendar/vendor/laravel/framework/src/Illuminate/Container/Container.php(832): Illuminate/Container/Container->build()
#3 C:/Users/ASUS/Downloads/YG Soft1/YG Calendar/vendor/laravel/framework/src/Illuminate/Foundation/Application.php(1078): Illuminate/Container/Container->resolve()
#4 C:/Users/ASUS/Downloads/YG Soft1/YG Calendar/vendor/laravel/framework/src/Illuminate/Container/Container.php(763): Illuminate/Foundation/Application->resolve()
#5 C:/Users/ASUS/Downloads/YG Soft1/YG Calendar/vendor/laravel/framework/src/Illuminate/Foundation/Application.php(1058): Illuminate/Container/Container->make()
#6 C:/Users/ASUS/Downloads/YG Soft1/YG Calendar/vendor/laravel/framework/src/Illuminate/Container/Container.php(1580): Illuminate/Foundation/Application->make()
#7 C:/Users/ASUS/Downloads/YG Soft1/YG Calendar/vendor/laravel/framework/src/Illuminate/Support/Facades/Facade.php(239): Illuminate/Container/Container->offsetGet()
#8 C:/Users/ASUS/Downloads/YG Soft1/YG Calendar/vendor/laravel/framework/src/Illuminate/Support/Facades/Facade.php(210): Illuminate/Support/Facades/Facade::resolveFacadeInstance()
#9 C:/Users/ASUS/Downloads/YG Soft1/YG Calendar/vendor/laravel/framework/src/Illuminate/Support/Facades/Facade.php(355): Illuminate/Support/Facades/Facade::getFacadeRoot()
#10 C:/Users/ASUS/Downloads/YG Soft1/YG Calendar/vendor/blade-ui-kit/blade-icons/src/BladeIconsServiceProvider.php(122): Illuminate/Support/Facades/Facade::__callStatic()
#11 C:/Users/ASUS/Downloads/YG Soft1/YG Calendar/vendor/blade-ui-kit/blade-icons/src/BladeIconsServiceProvider.php(27): BladeUI/Icons/BladeIconsServiceProvider->bootDirectives()
#12 C:/Users/ASUS/Downloads/YG Soft1/YG Calendar/vendor/laravel/framework/src/Illuminate/Container/BoundMethod.php(36): BladeUI/Icons/BladeIconsServiceProvider->boot()
#13 C:/Users/ASUS/Downloads/YG Soft1/YG Calendar/vendor/laravel/framework/src/Illuminate/Container/Util.php(43): Illuminate/Container/BoundMethod::Illuminate/Container/{closure}()
#14 C:/Users/ASUS/Downloads/YG Soft1/YG Calendar/vendor/laravel/framework/src/Illuminate/Container/BoundMethod.php(95): Illuminate/Container/Util::unwrapIfClosure()
#15 C:/Users/ASUS/Downloads/YG Soft1/YG Calendar/vendor/laravel/framework/src/Illuminate/Container/BoundMethod.php(35): Illuminate/Container/BoundMethod::callBoundMethod()
#16 C:/Users/ASUS/Downloads/YG Soft1/YG Calendar/vendor/laravel/framework/src/Illuminate/Container/Container.php(696): Illuminate/Container/BoundMethod::call()
#17 C:/Users/ASUS/Downloads/YG Soft1/YG Calendar/vendor/laravel/framework/src/Illuminate/Foundation/Application.php(1151): Illuminate/Container/Container->call()
#18 C:/Users/ASUS/Downloads/YG Soft1/YG Calendar/vendor/laravel/framework/src/Illuminate/Foundation/Application.php(1132): Illuminate/Foundation/Application->bootProvider()
#19 [internal function]: Illuminate/Foundation/Application->Illuminate/Foundation/{closure}()
#20 C:/Users/ASUS/Downloads/YG Soft1/YG Calendar/vendor/laravel/framework/src/Illuminate/Foundation/Application.php(1131): array_walk()
#21 C:/Users/ASUS/Downloads/YG Soft1/YG Calendar/vendor/laravel/framework/src/Illuminate/Foundation/Bootstrap/BootProviders.php(17): Illuminate/Foundation/Application->boot()
#22 C:/Users/ASUS/Downloads/YG Soft1/YG Calendar/vendor/laravel/framework/src/Illuminate/Foundation/Application.php(342): Illuminate/Foundation/Bootstrap/BootProviders->bootstrap()
#23 C:/Users/ASUS/Downloads/YG Soft1/YG Calendar/vendor/laravel/framework/src/Illuminate/Foundation/Console/Kernel.php(474): Illuminate/Foundation/Application->bootstrapWith()
#24 C:/Users/ASUS/Downloads/YG Soft1/YG Calendar/vendor/laravel/framework/src/Illuminate/Foundation/Console/Kernel.php(196): Illuminate/Foundation/Console/Kernel->bootstrap()
#25 C:/Users/ASUS/Downloads/YG Soft1/YG Calendar/vendor/laravel/framework/src/Illuminate/Foundation/Application.php(1235): Illuminate/Foundation/Console/Kernel->handle()
#26 C:/Users/ASUS/Downloads/YG Soft1/YG Calendar/artisan(13): Illuminate/Foundation/Application->handleCommand()
#27 {main}
"} 
[2026-05-06 19:07:46] production.ERROR: Please provide a valid cache path. {"exception":"[object] (InvalidArgumentException(code: 0): Please provide a valid cache path. at C:/Users/ASUS/Downloads/YG Soft1/YG Calendar/vendor/laravel/framework/src/Illuminate/View/Compilers/Compiler.php:67)
[stacktrace]
#0 C:/Users/ASUS/Downloads/YG Soft1/YG Calendar/vendor/laravel/framework/src/Illuminate/View/ViewServiceProvider.php(97): Illuminate/View/Compilers/Compiler->__construct()
#1 C:/Users/ASUS/Downloads/YG Soft1/YG Calendar/vendor/laravel/framework/src/Illuminate/Container/Container.php(952): Illuminate/View/ViewServiceProvider->Illuminate/View/{closure}()
#2 C:/Users/ASUS/Downloads/YG Soft1/YG Calendar/vendor/laravel/framework/src/Illuminate/Container/Container.php(832): Illuminate/Container/Container->build()
#3 C:/Users/ASUS/Downloads/YG Soft1/YG Calendar/vendor/laravel/framework/src/Illuminate/Foundation/Application.php(1078): Illuminate/Container/Container->resolve()
#4 C:/Users/ASUS/Downloads/YG Soft1/YG Calendar/vendor/laravel/framework/src/Illuminate/Container/Container.php(763): Illuminate/Foundation/Application->resolve()
#5 C:/Users/ASUS/Downloads/YG Soft1/YG Calendar/vendor/laravel/framework/src/Illuminate/Foundation/Application.php(1058): Illuminate/Container/Container->make()
#6 C:/Users/ASUS/Downloads/YG Soft1/YG Calendar/vendor/laravel/framework/src/Illuminate/Container/Container.php(1580): Illuminate/Foundation/Application->make()
#7 C:/Users/ASUS/Downloads/YG Soft1/YG Calendar/vendor/laravel/framework/src/Illuminate/Support/Facades/Facade.php(239): Illuminate/Container/Container->offsetGet()
#8 C:/Users/ASUS/Downloads/YG Soft1/YG Calendar/vendor/laravel/framework/src/Illuminate/Support/Facades/Facade.php(210): Illuminate/Support/Facades/Facade::resolveFacadeInstance()
#9 C:/Users/ASUS/Downloads/YG Soft1/YG Calendar/vendor/laravel/framework/src/Illuminate/Support/Facades/Facade.php(355): Illuminate/Support/Facades/Facade::getFacadeRoot()
#10 C:/Users/ASUS/Downloads/YG Soft1/YG Calendar/vendor/blade-ui-kit/blade-icons/src/BladeIconsServiceProvider.php(122): Illuminate/Support/Facades/Facade::__callStatic()
#11 C:/Users/ASUS/Downloads/YG Soft1/YG Calendar/vendor/blade-ui-kit/blade-icons/src/BladeIconsServiceProvider.php(27): BladeUI/Icons/BladeIconsServiceProvider->bootDirectives()
#12 C:/Users/ASUS/Downloads/YG Soft1/YG Calendar/vendor/laravel/framework/src/Illuminate/Container/BoundMethod.php(36): BladeUI/Icons/BladeIconsServiceProvider->boot()
#13 C:/Users/ASUS/Downloads/YG Soft1/YG Calendar/vendor/laravel/framework/src/Illuminate/Container/Util.php(43): Illuminate/Container/BoundMethod::Illuminate/Container/{closure}()
#14 C:/Users/ASUS/Downloads/YG Soft1/YG Calendar/vendor/laravel/framework/src/Illuminate/Container/BoundMethod.php(95): Illuminate/Container/Util::unwrapIfClosure()
#15 C:/Users/ASUS/Downloads/YG Soft1/YG Calendar/vendor/laravel/framework/src/Illuminate/Container/BoundMethod.php(35): Illuminate/Container/BoundMethod::callBoundMethod()
#16 C:/Users/ASUS/Downloads/YG Soft1/YG Calendar/vendor/laravel/framework/src/Illuminate/Container/Container.php(696): Illuminate/Container/BoundMethod::call()
#17 C:/Users/ASUS/Downloads/YG Soft1/YG Calendar/vendor/laravel/framework/src/Illuminate/Foundation/Application.php(1151): Illuminate/Container/Container->call()
#18 C:/Users/ASUS/Downloads/YG Soft1/YG Calendar/vendor/laravel/framework/src/Illuminate/Foundation/Application.php(1132): Illuminate/Foundation/Application->bootProvider()
#19 [internal function]: Illuminate/Foundation/Application->Illuminate/Foundation/{closure}()
#20 C:/Users/ASUS/Downloads/YG Soft1/YG Calendar/vendor/laravel/framework/src/Illuminate/Foundation/Application.php(1131): array_walk()
#21 C:/Users/ASUS/Downloads/YG Soft1/YG Calendar/vendor/laravel/framework/src/Illuminate/Foundation/Bootstrap/BootProviders.php(17): Illuminate/Foundation/Application->boot()
#22 C:/Users/ASUS/Downloads/YG Soft1/YG Calendar/vendor/laravel/framework/src/Illuminate/Foundation/Application.php(342): Illuminate/Foundation/Bootstrap/BootProviders->bootstrap()
#23 C:/Users/ASUS/Downloads/YG Soft1/YG Calendar/vendor/laravel/framework/src/Illuminate/Foundation/Console/Kernel.php(474): Illuminate/Foundation/Application->bootstrapWith()
#24 C:/Users/ASUS/Downloads/YG Soft1/YG Calendar/vendor/laravel/framework/src/Illuminate/Foundation/Console/Kernel.php(196): Illuminate/Foundation/Console/Kernel->bootstrap()
#25 C:/Users/ASUS/Downloads/YG Soft1/YG Calendar/vendor/laravel/framework/src/Illuminate/Foundation/Application.php(1235): Illuminate/Foundation/Console/Kernel->handle()
#26 C:/Users/ASUS/Downloads/YG Soft1/YG Calendar/artisan(13): Illuminate/Foundation/Application->handleCommand()
#27 {main}
"} 
[2026-05-06 19:13:55] production.ERROR: Please provide a valid cache path. {"exception":"[object] (InvalidArgumentException(code: 0): Please provide a valid cache path. at C:/Users/ASUS/Downloads/YG Soft1/YG Calendar/vendor/laravel/framework/src/Illuminate/View/Compilers/Compiler.php:67)
[stacktrace]
#0 C:/Users/ASUS/Downloads/YG Soft1/YG Calendar/vendor/laravel/framework/src/Illuminate/View/ViewServiceProvider.php(97): Illuminate/View/Compilers/Compiler->__construct()
#1 C:/Users/ASUS/Downloads/YG Soft1/YG Calendar/vendor/laravel/framework/src/Illuminate/Container/Container.php(952): Illuminate/View/ViewServiceProvider->Illuminate/View/{closure}()
#2 C:/Users/ASUS/Downloads/YG Soft1/YG Calendar/vendor/laravel/framework/src/Illuminate/Container/Container.php(832): Illuminate/Container/Container->build()
#3 C:/Users/ASUS/Downloads/YG Soft1/YG Calendar/vendor/laravel/framework/src/Illuminate/Foundation/Application.php(1078): Illuminate/Container/Container->resolve()
#4 C:/Users/ASUS/Downloads/YG Soft1/YG Calendar/vendor/laravel/framework/src/Illuminate/Container/Container.php(763): Illuminate/Foundation/Application->resolve()
#5 C:/Users/ASUS/Downloads/YG Soft1/YG Calendar/vendor/laravel/framework/src/Illuminate/Foundation/Application.php(1058): Illuminate/Container/Container->make()
#6 C:/Users/ASUS/Downloads/YG Soft1/YG Calendar/vendor/laravel/framework/src/Illuminate/Container/Container.php(1580): Illuminate/Foundation/Application->make()
#7 C:/Users/ASUS/Downloads/YG Soft1/YG Calendar/vendor/laravel/framework/src/Illuminate/Support/Facades/Facade.php(239): Illuminate/Container/Container->offsetGet()
#8 C:/Users/ASUS/Downloads/YG Soft1/YG Calendar/vendor/laravel/framework/src/Illuminate/Support/Facades/Facade.php(210): Illuminate/Support/Facades/Facade::resolveFacadeInstance()
#9 C:/Users/ASUS/Downloads/YG Soft1/YG Calendar/vendor/laravel/framework/src/Illuminate/Support/Facades/Facade.php(355): Illuminate/Support/Facades/Facade::getFacadeRoot()
#10 C:/Users/ASUS/Downloads/YG Soft1/YG Calendar/vendor/blade-ui-kit/blade-icons/src/BladeIconsServiceProvider.php(122): Illuminate/Support/Facades/Facade::__callStatic()
#11 C:/Users/ASUS/Downloads/YG Soft1/YG Calendar/vendor/blade-ui-kit/blade-icons/src/BladeIconsServiceProvider.php(27): BladeUI/Icons/BladeIconsServiceProvider->bootDirectives()
#12 C:/Users/ASUS/Downloads/YG Soft1/YG Calendar/vendor/laravel/framework/src/Illuminate/Container/BoundMethod.php(36): BladeUI/Icons/BladeIconsServiceProvider->boot()
#13 C:/Users/ASUS/Downloads/YG Soft1/YG Calendar/vendor/laravel/framework/src/Illuminate/Container/Util.php(43): Illuminate/Container/BoundMethod::Illuminate/Container/{closure}()
#14 C:/Users/ASUS/Downloads/YG Soft1/YG Calendar/vendor/laravel/framework/src/Illuminate/Container/BoundMethod.php(95): Illuminate/Container/Util::unwrapIfClosure()
#15 C:/Users/ASUS/Downloads/YG Soft1/YG Calendar/vendor/laravel/framework/src/Illuminate/Container/BoundMethod.php(35): Illuminate/Container/BoundMethod::callBoundMethod()
#16 C:/Users/ASUS/Downloads/YG Soft1/YG Calendar/vendor/laravel/framework/src/Illuminate/Container/Container.php(696): Illuminate/Container/BoundMethod::call()
#17 C:/Users/ASUS/Downloads/YG Soft1/YG Calendar/vendor/laravel/framework/src/Illuminate/Foundation/Application.php(1151): Illuminate/Container/Container->call()
#18 C:/Users/ASUS/Downloads/YG Soft1/YG Calendar/vendor/laravel/framework/src/Illuminate/Foundation/Application.php(1132): Illuminate/Foundation/Application->bootProvider()
#19 [internal function]: Illuminate/Foundation/Application->Illuminate/Foundation/{closure}()
#20 C:/Users/ASUS/Downloads/YG Soft1/YG Calendar/vendor/laravel/framework/src/Illuminate/Foundation/Application.php(1131): array_walk()
#21 C:/Users/ASUS/Downloads/YG Soft1/YG Calendar/vendor/laravel/framework/src/Illuminate/Foundation/Bootstrap/BootProviders.php(17): Illuminate/Foundation/Application->boot()
#22 C:/Users/ASUS/Downloads/YG Soft1/YG Calendar/vendor/laravel/framework/src/Illuminate/Foundation/Application.php(342): Illuminate/Foundation/Bootstrap/BootProviders->bootstrap()
#23 C:/Users/ASUS/Downloads/YG Soft1/YG Calendar/vendor/laravel/framework/src/Illuminate/Foundation/Console/Kernel.php(474): Illuminate/Foundation/Application->bootstrapWith()
#24 C:/Users/ASUS/Downloads/YG Soft1/YG Calendar/vendor/laravel/framework/src/Illuminate/Foundation/Console/Kernel.php(196): Illuminate/Foundation/Console/Kernel->bootstrap()
#25 C:/Users/ASUS/Downloads/YG Soft1/YG Calendar/vendor/laravel/framework/src/Illuminate/Foundation/Application.php(1235): Illuminate/Foundation/Console/Kernel->handle()
#26 C:/Users/ASUS/Downloads/YG Soft1/YG Calendar/artisan(13): Illuminate/Foundation/Application->handleCommand()
#27 {main}
"} 
[2026-05-06 19:15:13] production.ERROR: Class "App\Http\Controllers\Controller" not found {"exception":"[object] (Error(code: 0): Class \"App\\Http\\Controllers\\Controller\" not found at C:/Users/ASUS/Downloads/YG Soft1/YG Calendar/app/Http/Controllers/CalendarController.php:14)
[stacktrace]
#0 C:/Users/ASUS/Downloads/YG Soft1/YG Calendar/vendor/composer/ClassLoader.php(576): include()
#1 C:/Users/ASUS/Downloads/YG Soft1/YG Calendar/vendor/composer/ClassLoader.php(427): Composer/Autoload/{closure}()
#2 [internal function]: Composer/Autoload/ClassLoader->loadClass()
#3 C:/Users/ASUS/Downloads/YG Soft1/YG Calendar/vendor/laravel/framework/src/Illuminate/Routing/Route.php(1117): is_a()
#4 C:/Users/ASUS/Downloads/YG Soft1/YG Calendar/vendor/laravel/framework/src/Illuminate/Routing/Route.php(1054): Illuminate/Routing/Route->controllerMiddleware()
#5 C:/Users/ASUS/Downloads/YG Soft1/YG Calendar/vendor/laravel/framework/src/Illuminate/Routing/Router.php(820): Illuminate/Routing/Route->gatherMiddleware()
#6 C:/Users/ASUS/Downloads/YG Soft1/YG Calendar/vendor/laravel/framework/src/Illuminate/Routing/Router.php(802): Illuminate/Routing/Router->gatherRouteMiddleware()
#7 C:/Users/ASUS/Downloads/YG Soft1/YG Calendar/vendor/laravel/framework/src/Illuminate/Routing/Router.php(786): Illuminate/Routing/Router->runRouteWithinStack()
#8 C:/Users/ASUS/Downloads/YG Soft1/YG Calendar/vendor/laravel/framework/src/Illuminate/Routing/Router.php(750): Illuminate/Routing/Router->runRoute()
#9 C:/Users/ASUS/Downloads/YG Soft1/YG Calendar/vendor/laravel/framework/src/Illuminate/Routing/Router.php(739): Illuminate/Routing/Router->dispatchToRoute()
#10 C:/Users/ASUS/Downloads/YG Soft1/YG Calendar/vendor/laravel/framework/src/Illuminate/Foundation/Http/Kernel.php(201): Illuminate/Routing/Router->dispatch()
#11 C:/Users/ASUS/Downloads/YG Soft1/YG Calendar/vendor/laravel/framework/src/Illuminate/Pipeline/Pipeline.php(170): Illuminate/Foundation/Http/Kernel->Illuminate/Foundation/Http/{closure}()
#12 C:/Users/ASUS/Downloads/YG Soft1/YG Calendar/vendor/livewire/livewire/src/Features/SupportDisablingBackButtonCache/DisableBackButtonCacheMiddleware.php(19): Illuminate/Pipeline/Pipeline->Illuminate/Pipeline/{closure}()
#13 C:/Users/ASUS/Downloads/YG Soft1/YG Calendar/vendor/laravel/framework/src/Illuminate/Pipeline/Pipeline.php(209): Livewire/Features/SupportDisablingBackButtonCache/DisableBackButtonCacheMiddleware->handle()
#14 C:/Users/ASUS/Downloads/YG Soft1/YG Calendar/vendor/laravel/framework/src/Illuminate/Foundation/Http/Middleware/TransformsRequest.php(21): Illuminate/Pipeline/Pipeline->Illuminate/Pipeline/{closure}()
#15 C:/Users/ASUS/Downloads/YG Soft1/YG Calendar/vendor/laravel/framework/src/Illuminate/Foundation/Http/Middleware/ConvertEmptyStringsToNull.php(31): Illuminate/Foundation/Http/Middleware/TransformsRequest->handle()
#16 C:/Users/ASUS/Downloads/YG Soft1/YG Calendar/vendor/laravel/framework/src/Illuminate/Pipeline/Pipeline.php(209): Illuminate/Foundation/Http/Middleware/ConvertEmptyStringsToNull->handle()
#17 C:/Users/ASUS/Downloads/YG Soft1/YG Calendar/vendor/laravel/framework/src/Illuminate/Foundation/Http/Middleware/TransformsRequest.php(21): Illuminate/Pipeline/Pipeline->Illuminate/Pipeline/{closure}()
#18 C:/Users/ASUS/Downloads/YG Soft1/YG Calendar/vendor/laravel/framework/src/Illuminate/Foundation/Http/Middleware/TrimStrings.php(51): Illuminate/Foundation/Http/Middleware/TransformsRequest->handle()
#19 C:/Users/ASUS/Downloads/YG Soft1/YG Calendar/vendor/laravel/framework/src/Illuminate/Pipeline/Pipeline.php(209): Illuminate/Foundation/Http/Middleware/TrimStrings->handle()
#20 C:/Users/ASUS/Downloads/YG Soft1/YG Calendar/vendor/laravel/framework/src/Illuminate/Http/Middleware/ValidatePostSize.php(27): Illuminate/Pipeline/Pipeline->Illuminate/Pipeline/{closure}()
#21 C:/Users/ASUS/Downloads/YG Soft1/YG Calendar/vendor/laravel/framework/src/Illuminate/Pipeline/Pipeline.php(209): Illuminate/Http/Middleware/ValidatePostSize->handle()
#22 C:/Users/ASUS/Downloads/YG Soft1/YG Calendar/vendor/laravel/framework/src/Illuminate/Foundation/Http/Middleware/PreventRequestsDuringMaintenance.php(110): Illuminate/Pipeline/Pipeline->Illuminate/Pipeline/{closure}()
#23 C:/Users/ASUS/Downloads/YG Soft1/YG Calendar/vendor/laravel/framework/src/Illuminate/Pipeline/Pipeline.php(209): Illuminate/Foundation/Http/Middleware/PreventRequestsDuringMaintenance->handle()
#24 C:/Users/ASUS/Downloads/YG Soft1/YG Calendar/vendor/laravel/framework/src/Illuminate/Http/Middleware/HandleCors.php(49): Illuminate/Pipeline/Pipeline->Illuminate/Pipeline/{closure}()
#25 C:/Users/ASUS/Downloads/YG Soft1/YG Calendar/vendor/laravel/framework/src/Illuminate/Pipeline/Pipeline.php(209): Illuminate/Http/Middleware/HandleCors->handle()
#26 C:/Users/ASUS/Downloads/YG Soft1/YG Calendar/vendor/laravel/framework/src/Illuminate/Http/Middleware/TrustProxies.php(58): Illuminate/Pipeline/Pipeline->Illuminate/Pipeline/{closure}()
#27 C:/Users/ASUS/Downloads/YG Soft1/YG Calendar/vendor/laravel/framework/src/Illuminate/Pipeline/Pipeline.php(209): Illuminate/Http/Middleware/TrustProxies->handle()
#28 C:/Users/ASUS/Downloads/YG Soft1/YG Calendar/vendor/laravel/framework/src/Illuminate/Foundation/Http/Middleware/InvokeDeferredCallbacks.php(22): Illuminate/Pipeline/Pipeline->Illuminate/Pipeline/{closure}()
#29 C:/Users/ASUS/Downloads/YG Soft1/YG Calendar/vendor/laravel/framework/src/Illuminate/Pipeline/Pipeline.php(209): Illuminate/Foundation/Http/Middleware/InvokeDeferredCallbacks->handle()
#30 C:/Users/ASUS/Downloads/YG Soft1/YG Calendar/vendor/laravel/framework/src/Illuminate/Pipeline/Pipeline.php(127): Illuminate/Pipeline/Pipeline->Illuminate/Pipeline/{closure}()
#31 C:/Users/ASUS/Downloads/YG Soft1/YG Calendar/vendor/laravel/framework/src/Illuminate/Foundation/Http/Kernel.php(176): Illuminate/Pipeline/Pipeline->then()
#32 C:/Users/ASUS/Downloads/YG Soft1/YG Calendar/vendor/laravel/framework/src/Illuminate/Foundation/Http/Kernel.php(145): Illuminate/Foundation/Http/Kernel->sendRequestThroughRouter()
#33 C:/Users/ASUS/Downloads/YG Soft1/YG Calendar/vendor/laravel/framework/src/Illuminate/Foundation/Application.php(1220): Illuminate/Foundation/Http/Kernel->handle()
#34 C:/Users/ASUS/Downloads/YG Soft1/YG Calendar/public/index.php(17): Illuminate/Foundation/Application->handleRequest()
#35 C:/Users/ASUS/Downloads/YG Soft1/YG Calendar/vendor/laravel/framework/src/Illuminate/Foundation/resources/server.php(23): require_once('...')
#36 {main}
"} 
[2026-05-06 19:15:14] production.ERROR: Unsupported cipher or incorrect key length. Supported ciphers are: aes-128-cbc, aes-256-cbc, aes-128-gcm, aes-256-gcm. {"exception":"[object] (RuntimeException(code: 0): Unsupported cipher or incorrect key length. Supported ciphers are: aes-128-cbc, aes-256-cbc, aes-128-gcm, aes-256-gcm. at C:/Users/ASUS/Downloads/YG Soft1/YG Calendar/vendor/laravel/framework/src/Illuminate/Encryption/Encrypter.php:62)
[stacktrace]
#0 C:/Users/ASUS/Downloads/YG Soft1/YG Calendar/vendor/laravel/framework/src/Illuminate/Encryption/EncryptionServiceProvider.php(32): Illuminate/Encryption/Encrypter->__construct()
#1 C:/Users/ASUS/Downloads/YG Soft1/YG Calendar/vendor/laravel/framework/src/Illuminate/Container/Container.php(952): Illuminate/Encryption/EncryptionServiceProvider->Illuminate/Encryption/{closure}()
#2 C:/Users/ASUS/Downloads/YG Soft1/YG Calendar/vendor/laravel/framework/src/Illuminate/Container/Container.php(832): Illuminate/Container/Container->build()
#3 C:/Users/ASUS/Downloads/YG Soft1/YG Calendar/vendor/laravel/framework/src/Illuminate/Foundation/Application.php(1078): Illuminate/Container/Container->resolve()
#4 C:/Users/ASUS/Downloads/YG Soft1/YG Calendar/vendor/laravel/framework/src/Illuminate/Container/Container.php(763): Illuminate/Foundation/Application->resolve()
#5 C:/Users/ASUS/Downloads/YG Soft1/YG Calendar/vendor/laravel/framework/src/Illuminate/Foundation/Application.php(1058): Illuminate/Container/Container->make()
#6 C:/Users/ASUS/Downloads/YG Soft1/YG Calendar/vendor/laravel/framework/src/Illuminate/Container/Container.php(1580): Illuminate/Foundation/Application->make()
#7 C:/Users/ASUS/Downloads/YG Soft1/YG Calendar/vendor/laravel/framework/src/Illuminate/Session/SessionManager.php(213): Illuminate/Container/Container->offsetGet()
#8 C:/Users/ASUS/Downloads/YG Soft1/YG Calendar/vendor/laravel/framework/src/Illuminate/Session/SessionManager.php(193): Illuminate/Session/SessionManager->buildEncryptedSession()
#9 C:/Users/ASUS/Downloads/YG Soft1/YG Calendar/vendor/laravel/framework/src/Illuminate/Session/SessionManager.php(94): Illuminate/Session/SessionManager->buildSession()
#10 C:/Users/ASUS/Downloads/YG Soft1/YG Calendar/vendor/laravel/framework/src/Illuminate/Support/Manager.php(106): Illuminate/Session/SessionManager->createDatabaseDriver()
#11 C:/Users/ASUS/Downloads/YG Soft1/YG Calendar/vendor/laravel/framework/src/Illuminate/Support/Manager.php(80): Illuminate/Support/Manager->createDriver()
#12 C:/Users/ASUS/Downloads/YG Soft1/YG Calendar/vendor/laravel/framework/src/Illuminate/Session/SessionServiceProvider.php(52): Illuminate/Support/Manager->driver()
#13 C:/Users/ASUS/Downloads/YG Soft1/YG Calendar/vendor/laravel/framework/src/Illuminate/Container/Container.php(952): Illuminate/Session/SessionServiceProvider->Illuminate/Session/{closure}()
#14 C:/Users/ASUS/Downloads/YG Soft1/YG Calendar/vendor/laravel/framework/src/Illuminate/Container/Container.php(832): Illuminate/Container/Container->build()
#15 C:/Users/ASUS/Downloads/YG Soft1/YG Calendar/vendor/laravel/framework/src/Illuminate/Foundation/Application.php(1078): Illuminate/Container/Container->resolve()
#16 C:/Users/ASUS/Downloads/YG Soft1/YG Calendar/vendor/laravel/framework/src/Illuminate/Container/Container.php(763): Illuminate/Foundation/Application->resolve()
#17 C:/Users/ASUS/Downloads/YG Soft1/YG Calendar/vendor/laravel/framework/src/Illuminate/Foundation/Application.php(1058): Illuminate/Container/Container->make()
#18 C:/Users/ASUS/Downloads/YG Soft1/YG Calendar/vendor/laravel/framework/src/Illuminate/Container/Container.php(1580): Illuminate/Foundation/Application->make()
#19 C:/Users/ASUS/Downloads/YG Soft1/YG Calendar/vendor/laravel/framework/src/Illuminate/Routing/RoutingServiceProvider.php(121): Illuminate/Container/Container->offsetGet()
#20 C:/Users/ASUS/Downloads/YG Soft1/YG Calendar/vendor/laravel/framework/src/Illuminate/Container/Container.php(952): Illuminate/Routing/RoutingServiceProvider->Illuminate/Routing/{closure}()
#21 C:/Users/ASUS/Downloads/YG Soft1/YG Calendar/vendor/laravel/framework/src/Illuminate/Container/Container.php(832): Illuminate/Container/Container->build()
#22 C:/Users/ASUS/Downloads/YG Soft1/YG Calendar/vendor/laravel/framework/src/Illuminate/Foundation/Application.php(1078): Illuminate/Container/Container->resolve()
#23 C:/Users/ASUS/Downloads/YG Soft1/YG Calendar/vendor/laravel/framework/src/Illuminate/Container/Container.php(763): Illuminate/Foundation/Application->resolve()
#24 C:/Users/ASUS/Downloads/YG Soft1/YG Calendar/vendor/laravel/framework/src/Illuminate/Foundation/Application.php(1058): Illuminate/Container/Container->make()
#25 C:/Users/ASUS/Downloads/YG Soft1/YG Calendar/vendor/laravel/framework/src/Illuminate/Container/Container.php(1580): Illuminate/Foundation/Application->make()
#26 C:/Users/ASUS/Downloads/YG Soft1/YG Calendar/vendor/laravel/framework/src/Illuminate/Routing/RoutingServiceProvider.php(177): Illuminate/Container/Container->offsetGet()
#27 C:/Users/ASUS/Downloads/YG Soft1/YG Calendar/vendor/laravel/framework/src/Illuminate/Container/Container.php(952): Illuminate/Routing/RoutingServiceProvider->Illuminate/Routing/{closure}()
#28 C:/Users/ASUS/Downloads/YG Soft1/YG Calendar/vendor/laravel/framework/src/Illuminate/Container/Container.php(832): Illuminate/Container/Container->build()
#29 C:/Users/ASUS/Downloads/YG Soft1/YG Calendar/vendor/laravel/framework/src/Illuminate/Foundation/Application.php(1078): Illuminate/Container/Container->resolve()
#30 C:/Users/ASUS/Downloads/YG Soft1/YG Calendar/vendor/laravel/framework/src/Illuminate/Container/Container.php(763): Illuminate/Foundation/Application->resolve()
#31 C:/Users/ASUS/Downloads/YG Soft1/YG Calendar/vendor/laravel/framework/src/Illuminate/Foundation/Application.php(1058): Illuminate/Container/Container->make()
#32 C:/Users/ASUS/Downloads/YG Soft1/YG Calendar/vendor/laravel/framework/src/Illuminate/Foundation/helpers.php(124): Illuminate/Foundation/Application->make()
#33 C:/Users/ASUS/Downloads/YG Soft1/YG Calendar/vendor/laravel/framework/src/Illuminate/Foundation/helpers.php(832): app()
#34 C:/Users/ASUS/Downloads/YG Soft1/YG Calendar/vendor/laravel/framework/src/Illuminate/Foundation/Exceptions/Handler.php(894): response()
#35 C:/Users/ASUS/Downloads/YG Soft1/YG Calendar/vendor/laravel/framework/src/Illuminate/Foundation/Exceptions/Handler.php(815): Illuminate/Foundation/Exceptions/Handler->renderHttpException()
#36 C:/Users/ASUS/Downloads/YG Soft1/YG Calendar/vendor/laravel/framework/src/Illuminate/Foundation/Exceptions/Handler.php(706): Illuminate/Foundation/Exceptions/Handler->prepareResponse()
#37 C:/Users/ASUS/Downloads/YG Soft1/YG Calendar/vendor/laravel/framework/src/Illuminate/Foundation/Exceptions/Handler.php(594): Illuminate/Foundation/Exceptions/Handler->renderExceptionResponse()
#38 C:/Users/ASUS/Downloads/YG Soft1/YG Calendar/vendor/laravel/framework/src/Illuminate/Routing/Pipeline.php(51): Illuminate/Foundation/Exceptions/Handler->render()
#39 C:/Users/ASUS/Downloads/YG Soft1/YG Calendar/vendor/laravel/framework/src/Illuminate/Pipeline/Pipeline.php(172): Illuminate/Routing/Pipeline->handleException()
#40 C:/Users/ASUS/Downloads/YG Soft1/YG Calendar/vendor/livewire/livewire/src/Features/SupportDisablingBackButtonCache/DisableBackButtonCacheMiddleware.php(19): Illuminate/Pipeline/Pipeline->Illuminate/Pipeline/{closure}()
#41 C:/Users/ASUS/Downloads/YG Soft1/YG Calendar/vendor/laravel/framework/src/Illuminate/Pipeline/Pipeline.php(209): Livewire/Features/SupportDisablingBackButtonCache/DisableBackButtonCacheMiddleware->handle()
#42 C:/Users/ASUS/Downloads/YG Soft1/YG Calendar/vendor/laravel/framework/src/Illuminate/Foundation/Http/Middleware/TransformsRequest.php(21): Illuminate/Pipeline/Pipeline->Illuminate/Pipeline/{closure}()
#43 C:/Users/ASUS/Downloads/YG Soft1/YG Calendar/vendor/laravel/framework/src/Illuminate/Foundation/Http/Middleware/ConvertEmptyStringsToNull.php(31): Illuminate/Foundation/Http/Middleware/TransformsRequest->handle()
#44 C:/Users/ASUS/Downloads/YG Soft1/YG Calendar/vendor/laravel/framework/src/Illuminate/Pipeline/Pipeline.php(209): Illuminate/Foundation/Http/Middleware/ConvertEmptyStringsToNull->handle()
#45 C:/Users/ASUS/Downloads/YG Soft1/YG Calendar/vendor/laravel/framework/src/Illuminate/Foundation/Http/Middleware/TransformsRequest.php(21): Illuminate/Pipeline/Pipeline->Illuminate/Pipeline/{closure}()
#46 C:/Users/ASUS/Downloads/YG Soft1/YG Calendar/vendor/laravel/framework/src/Illuminate/Foundation/Http/Middleware/TrimStrings.php(51): Illuminate/Foundation/Http/Middleware/TransformsRequest->handle()
#47 C:/Users/ASUS/Downloads/YG Soft1/YG Calendar/vendor/laravel/framework/src/Illuminate/Pipeline/Pipeline.php(209): Illuminate/Foundation/Http/Middleware/TrimStrings->handle()
#48 C:/Users/ASUS/Downloads/YG Soft1/YG Calendar/vendor/laravel/framework/src/Illuminate/Http/Middleware/ValidatePostSize.php(27): Illuminate/Pipeline/Pipeline->Illuminate/Pipeline/{closure}()
#49 C:/Users/ASUS/Downloads/YG Soft1/YG Calendar/vendor/laravel/framework/src/Illuminate/Pipeline/Pipeline.php(209): Illuminate/Http/Middleware/ValidatePostSize->handle()
#50 C:/Users/ASUS/Downloads/YG Soft1/YG Calendar/vendor/laravel/framework/src/Illuminate/Foundation/Http/Middleware/PreventRequestsDuringMaintenance.php(110): Illuminate/Pipeline/Pipeline->Illuminate/Pipeline/{closure}()
#51 C:/Users/ASUS/Downloads/YG Soft1/YG Calendar/vendor/laravel/framework/src/Illuminate/Pipeline/Pipeline.php(209): Illuminate/Foundation/Http/Middleware/PreventRequestsDuringMaintenance->handle()
#52 C:/Users/ASUS/Downloads/YG Soft1/YG Calendar/vendor/laravel/framework/src/Illuminate/Http/Middleware/HandleCors.php(49): Illuminate/Pipeline/Pipeline->Illuminate/Pipeline/{closure}()
#53 C:/Users/ASUS/Downloads/YG Soft1/YG Calendar/vendor/laravel/framework/src/Illuminate/Pipeline/Pipeline.php(209): Illuminate/Http/Middleware/HandleCors->handle()
#54 C:/Users/ASUS/Downloads/YG Soft1/YG Calendar/vendor/laravel/framework/src/Illuminate/Http/Middleware/TrustProxies.php(58): Illuminate/Pipeline/Pipeline->Illuminate/Pipeline/{closure}()
#55 C:/Users/ASUS/Downloads/YG Soft1/YG Calendar/vendor/laravel/framework/src/Illuminate/Pipeline/Pipeline.php(209): Illuminate/Http/Middleware/TrustProxies->handle()
#56 C:/Users/ASUS/Downloads/YG Soft1/YG Calendar/vendor/laravel/framework/src/Illuminate/Foundation/Http/Middleware/InvokeDeferredCallbacks.php(22): Illuminate/Pipeline/Pipeline->Illuminate/Pipeline/{closure}()
#57 C:/Users/ASUS/Downloads/YG Soft1/YG Calendar/vendor/laravel/framework/src/Illuminate/Pipeline/Pipeline.php(209): Illuminate/Foundation/Http/Middleware/InvokeDeferredCallbacks->handle()
#58 C:/Users/ASUS/Downloads/YG Soft1/YG Calendar/vendor/laravel/framework/src/Illuminate/Pipeline/Pipeline.php(127): Illuminate/Pipeline/Pipeline->Illuminate/Pipeline/{closure}()
#59 C:/Users/ASUS/Downloads/YG Soft1/YG Calendar/vendor/laravel/framework/src/Illuminate/Foundation/Http/Kernel.php(176): Illuminate/Pipeline/Pipeline->then()
#60 C:/Users/ASUS/Downloads/YG Soft1/YG Calendar/vendor/laravel/framework/src/Illuminate/Foundation/Http/Kernel.php(145): Illuminate/Foundation/Http/Kernel->sendRequestThroughRouter()
#61 C:/Users/ASUS/Downloads/YG Soft1/YG Calendar/vendor/laravel/framework/src/Illuminate/Foundation/Application.php(1220): Illuminate/Foundation/Http/Kernel->handle()
#62 C:/Users/ASUS/Downloads/YG Soft1/YG Calendar/public/index.php(17): Illuminate/Foundation/Application->handleRequest()
#63 C:/Users/ASUS/Downloads/YG Soft1/YG Calendar/vendor/laravel/framework/src/Illuminate/Foundation/resources/server.php(23): require_once('...')
#64 {main}
"} 
[2026-05-06 19:16:27] production.ERROR: Class "App\Http\Controllers\Controller" not found {"exception":"[object] (Error(code: 0): Class \"App\\Http\\Controllers\\Controller\" not found at C:/Users/ASUS/Downloads/YG Soft1/YG Calendar/app/Http/Controllers/CalendarController.php:14)
[stacktrace]
#0 C:/Users/ASUS/Downloads/YG Soft1/YG Calendar/vendor/composer/ClassLoader.php(576): include()
#1 C:/Users/ASUS/Downloads/YG Soft1/YG Calendar/vendor/composer/ClassLoader.php(427): Composer/Autoload/{closure}()
#2 [internal function]: Composer/Autoload/ClassLoader->loadClass()
#3 C:/Users/ASUS/Downloads/YG Soft1/YG Calendar/vendor/laravel/framework/src/Illuminate/Routing/Route.php(1117): is_a()
#4 C:/Users/ASUS/Downloads/YG Soft1/YG Calendar/vendor/laravel/framework/src/Illuminate/Routing/Route.php(1054): Illuminate/Routing/Route->controllerMiddleware()
#5 C:/Users/ASUS/Downloads/YG Soft1/YG Calendar/vendor/laravel/framework/src/Illuminate/Routing/Router.php(820): Illuminate/Routing/Route->gatherMiddleware()
#6 C:/Users/ASUS/Downloads/YG Soft1/YG Calendar/vendor/laravel/framework/src/Illuminate/Routing/Router.php(802): Illuminate/Routing/Router->gatherRouteMiddleware()
#7 C:/Users/ASUS/Downloads/YG Soft1/YG Calendar/vendor/laravel/framework/src/Illuminate/Routing/Router.php(786): Illuminate/Routing/Router->runRouteWithinStack()
#8 C:/Users/ASUS/Downloads/YG Soft1/YG Calendar/vendor/laravel/framework/src/Illuminate/Routing/Router.php(750): Illuminate/Routing/Router->runRoute()
#9 C:/Users/ASUS/Downloads/YG Soft1/YG Calendar/vendor/laravel/framework/src/Illuminate/Routing/Router.php(739): Illuminate/Routing/Router->dispatchToRoute()
#10 C:/Users/ASUS/Downloads/YG Soft1/YG Calendar/vendor/laravel/framework/src/Illuminate/Foundation/Http/Kernel.php(201): Illuminate/Routing/Router->dispatch()
#11 C:/Users/ASUS/Downloads/YG Soft1/YG Calendar/vendor/laravel/framework/src/Illuminate/Pipeline/Pipeline.php(170): Illuminate/Foundation/Http/Kernel->Illuminate/Foundation/Http/{closure}()
#12 C:/Users/ASUS/Downloads/YG Soft1/YG Calendar/vendor/livewire/livewire/src/Features/SupportDisablingBackButtonCache/DisableBackButtonCacheMiddleware.php(19): Illuminate/Pipeline/Pipeline->Illuminate/Pipeline/{closure}()
#13 C:/Users/ASUS/Downloads/YG Soft1/YG Calendar/vendor/laravel/framework/src/Illuminate/Pipeline/Pipeline.php(209): Livewire/Features/SupportDisablingBackButtonCache/DisableBackButtonCacheMiddleware->handle()
#14 C:/Users/ASUS/Downloads/YG Soft1/YG Calendar/vendor/laravel/framework/src/Illuminate/Foundation/Http/Middleware/TransformsRequest.php(21): Illuminate/Pipeline/Pipeline->Illuminate/Pipeline/{closure}()
#15 C:/Users/ASUS/Downloads/YG Soft1/YG Calendar/vendor/laravel/framework/src/Illuminate/Foundation/Http/Middleware/ConvertEmptyStringsToNull.php(31): Illuminate/Foundation/Http/Middleware/TransformsRequest->handle()
#16 C:/Users/ASUS/Downloads/YG Soft1/YG Calendar/vendor/laravel/framework/src/Illuminate/Pipeline/Pipeline.php(209): Illuminate/Foundation/Http/Middleware/ConvertEmptyStringsToNull->handle()
#17 C:/Users/ASUS/Downloads/YG Soft1/YG Calendar/vendor/laravel/framework/src/Illuminate/Foundation/Http/Middleware/TransformsRequest.php(21): Illuminate/Pipeline/Pipeline->Illuminate/Pipeline/{closure}()
#18 C:/Users/ASUS/Downloads/YG Soft1/YG Calendar/vendor/laravel/framework/src/Illuminate/Foundation/Http/Middleware/TrimStrings.php(51): Illuminate/Foundation/Http/Middleware/TransformsRequest->handle()
#19 C:/Users/ASUS/Downloads/YG Soft1/YG Calendar/vendor/laravel/framework/src/Illuminate/Pipeline/Pipeline.php(209): Illuminate/Foundation/Http/Middleware/TrimStrings->handle()
#20 C:/Users/ASUS/Downloads/YG Soft1/YG Calendar/vendor/laravel/framework/src/Illuminate/Http/Middleware/ValidatePostSize.php(27): Illuminate/Pipeline/Pipeline->Illuminate/Pipeline/{closure}()
#21 C:/Users/ASUS/Downloads/YG Soft1/YG Calendar/vendor/laravel/framework/src/Illuminate/Pipeline/Pipeline.php(209): Illuminate/Http/Middleware/ValidatePostSize->handle()
#22 C:/Users/ASUS/Downloads/YG Soft1/YG Calendar/vendor/laravel/framework/src/Illuminate/Foundation/Http/Middleware/PreventRequestsDuringMaintenance.php(110): Illuminate/Pipeline/Pipeline->Illuminate/Pipeline/{closure}()
#23 C:/Users/ASUS/Downloads/YG Soft1/YG Calendar/vendor/laravel/framework/src/Illuminate/Pipeline/Pipeline.php(209): Illuminate/Foundation/Http/Middleware/PreventRequestsDuringMaintenance->handle()
#24 C:/Users/ASUS/Downloads/YG Soft1/YG Calendar/vendor/laravel/framework/src/Illuminate/Http/Middleware/HandleCors.php(49): Illuminate/Pipeline/Pipeline->Illuminate/Pipeline/{closure}()
#25 C:/Users/ASUS/Downloads/YG Soft1/YG Calendar/vendor/laravel/framework/src/Illuminate/Pipeline/Pipeline.php(209): Illuminate/Http/Middleware/HandleCors->handle()
#26 C:/Users/ASUS/Downloads/YG Soft1/YG Calendar/vendor/laravel/framework/src/Illuminate/Http/Middleware/TrustProxies.php(58): Illuminate/Pipeline/Pipeline->Illuminate/Pipeline/{closure}()
#27 C:/Users/ASUS/Downloads/YG Soft1/YG Calendar/vendor/laravel/framework/src/Illuminate/Pipeline/Pipeline.php(209): Illuminate/Http/Middleware/TrustProxies->handle()
#28 C:/Users/ASUS/Downloads/YG Soft1/YG Calendar/vendor/laravel/framework/src/Illuminate/Foundation/Http/Middleware/InvokeDeferredCallbacks.php(22): Illuminate/Pipeline/Pipeline->Illuminate/Pipeline/{closure}()
#29 C:/Users/ASUS/Downloads/YG Soft1/YG Calendar/vendor/laravel/framework/src/Illuminate/Pipeline/Pipeline.php(209): Illuminate/Foundation/Http/Middleware/InvokeDeferredCallbacks->handle()
#30 C:/Users/ASUS/Downloads/YG Soft1/YG Calendar/vendor/laravel/framework/src/Illuminate/Pipeline/Pipeline.php(127): Illuminate/Pipeline/Pipeline->Illuminate/Pipeline/{closure}()
#31 C:/Users/ASUS/Downloads/YG Soft1/YG Calendar/vendor/laravel/framework/src/Illuminate/Foundation/Http/Kernel.php(176): Illuminate/Pipeline/Pipeline->then()
#32 C:/Users/ASUS/Downloads/YG Soft1/YG Calendar/vendor/laravel/framework/src/Illuminate/Foundation/Http/Kernel.php(145): Illuminate/Foundation/Http/Kernel->sendRequestThroughRouter()
#33 C:/Users/ASUS/Downloads/YG Soft1/YG Calendar/vendor/laravel/framework/src/Illuminate/Foundation/Application.php(1220): Illuminate/Foundation/Http/Kernel->handle()
#34 C:/Users/ASUS/Downloads/YG Soft1/YG Calendar/public/index.php(17): Illuminate/Foundation/Application->handleRequest()
#35 C:/Users/ASUS/Downloads/YG Soft1/YG Calendar/vendor/laravel/framework/src/Illuminate/Foundation/resources/server.php(23): require_once('...')
#36 {main}
"} 
[2026-05-06 19:16:27] production.ERROR: Unsupported cipher or incorrect key length. Supported ciphers are: aes-128-cbc, aes-256-cbc, aes-128-gcm, aes-256-gcm. {"exception":"[object] (RuntimeException(code: 0): Unsupported cipher or incorrect key length. Supported ciphers are: aes-128-cbc, aes-256-cbc, aes-128-gcm, aes-256-gcm. at C:/Users/ASUS/Downloads/YG Soft1/YG Calendar/vendor/laravel/framework/src/Illuminate/Encryption/Encrypter.php:62)
[stacktrace]
#0 C:/Users/ASUS/Downloads/YG Soft1/YG Calendar/vendor/laravel/framework/src/Illuminate/Encryption/EncryptionServiceProvider.php(32): Illuminate/Encryption/Encrypter->__construct()
#1 C:/Users/ASUS/Downloads/YG Soft1/YG Calendar/vendor/laravel/framework/src/Illuminate/Container/Container.php(952): Illuminate/Encryption/EncryptionServiceProvider->Illuminate/Encryption/{closure}()
#2 C:/Users/ASUS/Downloads/YG Soft1/YG Calendar/vendor/laravel/framework/src/Illuminate/Container/Container.php(832): Illuminate/Container/Container->build()
#3 C:/Users/ASUS/Downloads/YG Soft1/YG Calendar/vendor/laravel/framework/src/Illuminate/Foundation/Application.php(1078): Illuminate/Container/Container->resolve()
#4 C:/Users/ASUS/Downloads/YG Soft1/YG Calendar/vendor/laravel/framework/src/Illuminate/Container/Container.php(763): Illuminate/Foundation/Application->resolve()
#5 C:/Users/ASUS/Downloads/YG Soft1/YG Calendar/vendor/laravel/framework/src/Illuminate/Foundation/Application.php(1058): Illuminate/Container/Container->make()
#6 C:/Users/ASUS/Downloads/YG Soft1/YG Calendar/vendor/laravel/framework/src/Illuminate/Container/Container.php(1580): Illuminate/Foundation/Application->make()
#7 C:/Users/ASUS/Downloads/YG Soft1/YG Calendar/vendor/laravel/framework/src/Illuminate/Session/SessionManager.php(213): Illuminate/Container/Container->offsetGet()
#8 C:/Users/ASUS/Downloads/YG Soft1/YG Calendar/vendor/laravel/framework/src/Illuminate/Session/SessionManager.php(193): Illuminate/Session/SessionManager->buildEncryptedSession()
#9 C:/Users/ASUS/Downloads/YG Soft1/YG Calendar/vendor/laravel/framework/src/Illuminate/Session/SessionManager.php(94): Illuminate/Session/SessionManager->buildSession()
#10 C:/Users/ASUS/Downloads/YG Soft1/YG Calendar/vendor/laravel/framework/src/Illuminate/Support/Manager.php(106): Illuminate/Session/SessionManager->createDatabaseDriver()
#11 C:/Users/ASUS/Downloads/YG Soft1/YG Calendar/vendor/laravel/framework/src/Illuminate/Support/Manager.php(80): Illuminate/Support/Manager->createDriver()
#12 C:/Users/ASUS/Downloads/YG Soft1/YG Calendar/vendor/laravel/framework/src/Illuminate/Session/SessionServiceProvider.php(52): Illuminate/Support/Manager->driver()
#13 C:/Users/ASUS/Downloads/YG Soft1/YG Calendar/vendor/laravel/framework/src/Illuminate/Container/Container.php(952): Illuminate/Session/SessionServiceProvider->Illuminate/Session/{closure}()
#14 C:/Users/ASUS/Downloads/YG Soft1/YG Calendar/vendor/laravel/framework/src/Illuminate/Container/Container.php(832): Illuminate/Container/Container->build()
#15 C:/Users/ASUS/Downloads/YG Soft1/YG Calendar/vendor/laravel/framework/src/Illuminate/Foundation/Application.php(1078): Illuminate/Container/Container->resolve()
#16 C:/Users/ASUS/Downloads/YG Soft1/YG Calendar/vendor/laravel/framework/src/Illuminate/Container/Container.php(763): Illuminate/Foundation/Application->resolve()
#17 C:/Users/ASUS/Downloads/YG Soft1/YG Calendar/vendor/laravel/framework/src/Illuminate/Foundation/Application.php(1058): Illuminate/Container/Container->make()
#18 C:/Users/ASUS/Downloads/YG Soft1/YG Calendar/vendor/laravel/framework/src/Illuminate/Container/Container.php(1580): Illuminate/Foundation/Application->make()
#19 C:/Users/ASUS/Downloads/YG Soft1/YG Calendar/vendor/laravel/framework/src/Illuminate/Routing/RoutingServiceProvider.php(121): Illuminate/Container/Container->offsetGet()
#20 C:/Users/ASUS/Downloads/YG Soft1/YG Calendar/vendor/laravel/framework/src/Illuminate/Container/Container.php(952): Illuminate/Routing/RoutingServiceProvider->Illuminate/Routing/{closure}()
#21 C:/Users/ASUS/Downloads/YG Soft1/YG Calendar/vendor/laravel/framework/src/Illuminate/Container/Container.php(832): Illuminate/Container/Container->build()
#22 C:/Users/ASUS/Downloads/YG Soft1/YG Calendar/vendor/laravel/framework/src/Illuminate/Foundation/Application.php(1078): Illuminate/Container/Container->resolve()
#23 C:/Users/ASUS/Downloads/YG Soft1/YG Calendar/vendor/laravel/framework/src/Illuminate/Container/Container.php(763): Illuminate/Foundation/Application->resolve()
#24 C:/Users/ASUS/Downloads/YG Soft1/YG Calendar/vendor/laravel/framework/src/Illuminate/Foundation/Application.php(1058): Illuminate/Container/Container->make()
#25 C:/Users/ASUS/Downloads/YG Soft1/YG Calendar/vendor/laravel/framework/src/Illuminate/Container/Container.php(1580): Illuminate/Foundation/Application->make()
#26 C:/Users/ASUS/Downloads/YG Soft1/YG Calendar/vendor/laravel/framework/src/Illuminate/Routing/RoutingServiceProvider.php(177): Illuminate/Container/Container->offsetGet()
#27 C:/Users/ASUS/Downloads/YG Soft1/YG Calendar/vendor/laravel/framework/src/Illuminate/Container/Container.php(952): Illuminate/Routing/RoutingServiceProvider->Illuminate/Routing/{closure}()
#28 C:/Users/ASUS/Downloads/YG Soft1/YG Calendar/vendor/laravel/framework/src/Illuminate/Container/Container.php(832): Illuminate/Container/Container->build()
#29 C:/Users/ASUS/Downloads/YG Soft1/YG Calendar/vendor/laravel/framework/src/Illuminate/Foundation/Application.php(1078): Illuminate/Container/Container->resolve()
#30 C:/Users/ASUS/Downloads/YG Soft1/YG Calendar/vendor/laravel/framework/src/Illuminate/Container/Container.php(763): Illuminate/Foundation/Application->resolve()
#31 C:/Users/ASUS/Downloads/YG Soft1/YG Calendar/vendor/laravel/framework/src/Illuminate/Foundation/Application.php(1058): Illuminate/Container/Container->make()
#32 C:/Users/ASUS/Downloads/YG Soft1/YG Calendar/vendor/laravel/framework/src/Illuminate/Foundation/helpers.php(124): Illuminate/Foundation/Application->make()
#33 C:/Users/ASUS/Downloads/YG Soft1/YG Calendar/vendor/laravel/framework/src/Illuminate/Foundation/helpers.php(832): app()
#34 C:/Users/ASUS/Downloads/YG Soft1/YG Calendar/vendor/laravel/framework/src/Illuminate/Foundation/Exceptions/Handler.php(894): response()
#35 C:/Users/ASUS/Downloads/YG Soft1/YG Calendar/vendor/laravel/framework/src/Illuminate/Foundation/Exceptions/Handler.php(815): Illuminate/Foundation/Exceptions/Handler->renderHttpException()
#36 C:/Users/ASUS/Downloads/YG Soft1/YG Calendar/vendor/laravel/framework/src/Illuminate/Foundation/Exceptions/Handler.php(706): Illuminate/Foundation/Exceptions/Handler->prepareResponse()
#37 C:/Users/ASUS/Downloads/YG Soft1/YG Calendar/vendor/laravel/framework/src/Illuminate/Foundation/Exceptions/Handler.php(594): Illuminate/Foundation/Exceptions/Handler->renderExceptionResponse()
#38 C:/Users/ASUS/Downloads/YG Soft1/YG Calendar/vendor/laravel/framework/src/Illuminate/Routing/Pipeline.php(51): Illuminate/Foundation/Exceptions/Handler->render()
#39 C:/Users/ASUS/Downloads/YG Soft1/YG Calendar/vendor/laravel/framework/src/Illuminate/Pipeline/Pipeline.php(172): Illuminate/Routing/Pipeline->handleException()
#40 C:/Users/ASUS/Downloads/YG Soft1/YG Calendar/vendor/livewire/livewire/src/Features/SupportDisablingBackButtonCache/DisableBackButtonCacheMiddleware.php(19): Illuminate/Pipeline/Pipeline->Illuminate/Pipeline/{closure}()
#41 C:/Users/ASUS/Downloads/YG Soft1/YG Calendar/vendor/laravel/framework/src/Illuminate/Pipeline/Pipeline.php(209): Livewire/Features/SupportDisablingBackButtonCache/DisableBackButtonCacheMiddleware->handle()
#42 C:/Users/ASUS/Downloads/YG Soft1/YG Calendar/vendor/laravel/framework/src/Illuminate/Foundation/Http/Middleware/TransformsRequest.php(21): Illuminate/Pipeline/Pipeline->Illuminate/Pipeline/{closure}()
#43 C:/Users/ASUS/Downloads/YG Soft1/YG Calendar/vendor/laravel/framework/src/Illuminate/Foundation/Http/Middleware/ConvertEmptyStringsToNull.php(31): Illuminate/Foundation/Http/Middleware/TransformsRequest->handle()
#44 C:/Users/ASUS/Downloads/YG Soft1/YG Calendar/vendor/laravel/framework/src/Illuminate/Pipeline/Pipeline.php(209): Illuminate/Foundation/Http/Middleware/ConvertEmptyStringsToNull->handle()
#45 C:/Users/ASUS/Downloads/YG Soft1/YG Calendar/vendor/laravel/framework/src/Illuminate/Foundation/Http/Middleware/TransformsRequest.php(21): Illuminate/Pipeline/Pipeline->Illuminate/Pipeline/{closure}()
#46 C:/Users/ASUS/Downloads/YG Soft1/YG Calendar/vendor/laravel/framework/src/Illuminate/Foundation/Http/Middleware/TrimStrings.php(51): Illuminate/Foundation/Http/Middleware/TransformsRequest->handle()
#47 C:/Users/ASUS/Downloads/YG Soft1/YG Calendar/vendor/laravel/framework/src/Illuminate/Pipeline/Pipeline.php(209): Illuminate/Foundation/Http/Middleware/TrimStrings->handle()
#48 C:/Users/ASUS/Downloads/YG Soft1/YG Calendar/vendor/laravel/framework/src/Illuminate/Http/Middleware/ValidatePostSize.php(27): Illuminate/Pipeline/Pipeline->Illuminate/Pipeline/{closure}()
#49 C:/Users/ASUS/Downloads/YG Soft1/YG Calendar/vendor/laravel/framework/src/Illuminate/Pipeline/Pipeline.php(209): Illuminate/Http/Middleware/ValidatePostSize->handle()
#50 C:/Users/ASUS/Downloads/YG Soft1/YG Calendar/vendor/laravel/framework/src/Illuminate/Foundation/Http/Middleware/PreventRequestsDuringMaintenance.php(110): Illuminate/Pipeline/Pipeline->Illuminate/Pipeline/{closure}()
#51 C:/Users/ASUS/Downloads/YG Soft1/YG Calendar/vendor/laravel/framework/src/Illuminate/Pipeline/Pipeline.php(209): Illuminate/Foundation/Http/Middleware/PreventRequestsDuringMaintenance->handle()
#52 C:/Users/ASUS/Downloads/YG Soft1/YG Calendar/vendor/laravel/framework/src/Illuminate/Http/Middleware/HandleCors.php(49): Illuminate/Pipeline/Pipeline->Illuminate/Pipeline/{closure}()
#53 C:/Users/ASUS/Downloads/YG Soft1/YG Calendar/vendor/laravel/framework/src/Illuminate/Pipeline/Pipeline.php(209): Illuminate/Http/Middleware/HandleCors->handle()
#54 C:/Users/ASUS/Downloads/YG Soft1/YG Calendar/vendor/laravel/framework/src/Illuminate/Http/Middleware/TrustProxies.php(58): Illuminate/Pipeline/Pipeline->Illuminate/Pipeline/{closure}()
#55 C:/Users/ASUS/Downloads/YG Soft1/YG Calendar/vendor/laravel/framework/src/Illuminate/Pipeline/Pipeline.php(209): Illuminate/Http/Middleware/TrustProxies->handle()
#56 C:/Users/ASUS/Downloads/YG Soft1/YG Calendar/vendor/laravel/framework/src/Illuminate/Foundation/Http/Middleware/InvokeDeferredCallbacks.php(22): Illuminate/Pipeline/Pipeline->Illuminate/Pipeline/{closure}()
#57 C:/Users/ASUS/Downloads/YG Soft1/YG Calendar/vendor/laravel/framework/src/Illuminate/Pipeline/Pipeline.php(209): Illuminate/Foundation/Http/Middleware/InvokeDeferredCallbacks->handle()
#58 C:/Users/ASUS/Downloads/YG Soft1/YG Calendar/vendor/laravel/framework/src/Illuminate/Pipeline/Pipeline.php(127): Illuminate/Pipeline/Pipeline->Illuminate/Pipeline/{closure}()
#59 C:/Users/ASUS/Downloads/YG Soft1/YG Calendar/vendor/laravel/framework/src/Illuminate/Foundation/Http/Kernel.php(176): Illuminate/Pipeline/Pipeline->then()
#60 C:/Users/ASUS/Downloads/YG Soft1/YG Calendar/vendor/laravel/framework/src/Illuminate/Foundation/Http/Kernel.php(145): Illuminate/Foundation/Http/Kernel->sendRequestThroughRouter()
#61 C:/Users/ASUS/Downloads/YG Soft1/YG Calendar/vendor/laravel/framework/src/Illuminate/Foundation/Application.php(1220): Illuminate/Foundation/Http/Kernel->handle()
#62 C:/Users/ASUS/Downloads/YG Soft1/YG Calendar/public/index.php(17): Illuminate/Foundation/Application->handleRequest()
#63 C:/Users/ASUS/Downloads/YG Soft1/YG Calendar/vendor/laravel/framework/src/Illuminate/Foundation/resources/server.php(23): require_once('...')
#64 {main}
"} 
