./composer.json has been updated
Running composer update filament/filament --with-all-dependencies
Loading composer repositories with package information
Updating dependencies
Lock file operations: 33 installs, 0 updates, 0 removals
  - Locking blade-ui-kit/blade-heroicons (2.7.0)
  - Locking blade-ui-kit/blade-icons (1.9.0)
  - Locking chillerlan/php-qrcode (5.0.5)
  - Locking chillerlan/php-settings-container (3.3.0)
  - Locking danharrin/date-format-converter (v0.3.1)
  - Locking danharrin/livewire-rate-limiting (v2.2.0)
  - Locking filament/actions (v5.4.4)
  - Locking filament/filament (v5.4.4)
  - Locking filament/forms (v5.4.4)
  - Locking filament/infolists (v5.4.4)
  - Locking filament/notifications (v5.4.4)
  - Locking filament/query-builder (v5.4.4)
  - Locking filament/schemas (v5.4.4)
  - Locking filament/support (v5.4.4)
  - Locking filament/tables (v5.4.4)
  - Locking filament/widgets (v5.4.4)
  - Locking kirschbaum-development/eloquent-power-joins (4.3.1)
  - Locking league/csv (9.28.0)
  - Locking league/uri-components (7.8.1)
  - Locking livewire/livewire (v4.2.4)
  - Locking masterminds/html5 (2.10.0)
  - Locking nette/php-generator (v4.2.2)
  - Locking openspout/openspout (v4.28.5)
  - Locking paragonie/constant_time_encoding (v3.1.3)
  - Locking pragmarx/google2fa (v9.0.0)
  - Locking pragmarx/google2fa-qrcode (v3.0.0)
  - Locking ryangjchandler/blade-capture-directive (v1.1.1)
  - Locking scrivo/highlight.php (v9.18.1.10)
  - Locking spatie/invade (2.1.0)
  - Locking spatie/laravel-package-tools (1.93.0)
  - Locking spatie/shiki-php (2.3.3)
  - Locking symfony/html-sanitizer (v7.4.8)
  - Locking ueberdosis/tiptap-php (2.1.0)
Writing lock file
Installing dependencies from lock file (including require-dev)
Package operations: 33 installs, 0 updates, 0 removals
  - Downloading blade-ui-kit/blade-icons (1.9.0)
  - Downloading blade-ui-kit/blade-heroicons (2.7.0)
  - Downloading chillerlan/php-settings-container (3.3.0)
  - Downloading danharrin/date-format-converter (v0.3.1)
  - Downloading danharrin/livewire-rate-limiting (v2.2.0)
  - Downloading pragmarx/google2fa (v9.0.0)
  - Downloading pragmarx/google2fa-qrcode (v3.0.0)
  - Downloading masterminds/html5 (2.10.0)
  - Downloading symfony/html-sanitizer (v7.4.8)
  - Downloading spatie/invade (2.1.0)
  - Downloading ryangjchandler/blade-capture-directive (v1.1.1)
  - Downloading nette/php-generator (v4.2.2)
  - Downloading livewire/livewire (v4.2.4)
  - Downloading league/uri-components (7.8.1)
  - Downloading kirschbaum-development/eloquent-power-joins (4.3.1)
  - Downloading filament/support (v5.4.4)
  - Downloading openspout/openspout (v4.28.5)
  - Downloading league/csv (9.28.0)
  - Downloading filament/actions (v5.4.4)
  - Downloading filament/notifications (v5.4.4)
  - Downloading filament/schemas (v5.4.4)
  - Downloading filament/infolists (v5.4.4)
  - Downloading spatie/shiki-php (2.3.3)
  - Downloading scrivo/highlight.php (v9.18.1.10)
  - Downloading ueberdosis/tiptap-php (2.1.0)
  - Downloading filament/forms (v5.4.4)
  - Downloading filament/widgets (v5.4.4)
  - Downloading filament/query-builder (v5.4.4)
  - Downloading filament/tables (v5.4.4)
  - Downloading chillerlan/php-qrcode (5.0.5)
  - Downloading filament/filament (v5.4.4)
  0/31 [>------------]   0%
  5/31 [==>----------]  16%
  9/31 [===>---------]  29%
 12/31 [=====>-------]  38%
 14/31 [=====>-------]  45%
 19/31 [=======>-----]  61%
 23/31 [=========>---]  74%
 26/31 [==========>--]  83%
 30/31 [============>]  96%
 31/31 [=============] 100%
  - Installing blade-ui-kit/blade-icons (1.9.0): Extracting archive
  - Installing blade-ui-kit/blade-heroicons (2.7.0): Extracting archive
  - Installing chillerlan/php-settings-container (3.3.0): Extracting archive
  - Installing danharrin/date-format-converter (v0.3.1): Extracting archive
  - Installing danharrin/livewire-rate-limiting (v2.2.0): Extracting archive
  - Installing paragonie/constant_time_encoding (v3.1.3): Extracting archive
  - Installing pragmarx/google2fa (v9.0.0): Extracting archive
  - Installing pragmarx/google2fa-qrcode (v3.0.0): Extracting archive
  - Installing masterminds/html5 (2.10.0): Extracting archive
  - Installing symfony/html-sanitizer (v7.4.8): Extracting archive
  - Installing spatie/laravel-package-tools (1.93.0): Extracting archive
  - Installing spatie/invade (2.1.0): Extracting archive
  - Installing ryangjchandler/blade-capture-directive (v1.1.1): Extracting archive
  - Installing nette/php-generator (v4.2.2): Extracting archive
  - Installing livewire/livewire (v4.2.4): Extracting archive
  - Installing league/uri-components (7.8.1): Extracting archive
  - Installing kirschbaum-development/eloquent-power-joins (4.3.1): Extracting archive
  - Installing filament/support (v5.4.4): Extracting archive
  - Installing openspout/openspout (v4.28.5): Extracting archive
  - Installing league/csv (9.28.0): Extracting archive
  - Installing filament/actions (v5.4.4): Extracting archive
  - Installing filament/notifications (v5.4.4): Extracting archive
  - Installing filament/schemas (v5.4.4): Extracting archive
  - Installing filament/infolists (v5.4.4): Extracting archive
  - Installing spatie/shiki-php (2.3.3): Extracting archive
  - Installing scrivo/highlight.php (v9.18.1.10): Extracting archive
  - Installing ueberdosis/tiptap-php (2.1.0): Extracting archive
  - Installing filament/forms (v5.4.4): Extracting archive
  - Installing filament/widgets (v5.4.4): Extracting archive
  - Installing filament/query-builder (v5.4.4): Extracting archive
  - Installing filament/tables (v5.4.4): Extracting archive
  - Installing chillerlan/php-qrcode (5.0.5): Extracting archive
  - Installing filament/filament (v5.4.4): Extracting archive
  0/23 [>------------]   0%
 10/23 [=====>-------]  43%
 20/23 [===========>-]  86%
 23/23 [=============] 100%
10 package suggestions were added by new dependencies, use `composer suggest` to see details.
Generating optimized autoload files
> Illuminate\Foundation\ComposerScripts::postAutoloadDump
> @php artisan package:discover --ansi

  [37;44m INFO [39;49m Discovering packages.  

  blade-ui-kit/blade-heroicons  [32;1mDONE[39;22m
  blade-ui-kit/blade-icons  [32;1mDONE[39;22m
  filament/actions [90m.[39m [32;1mDONE[39;22m
  filament/filament  [32;1mDONE[39;22m
  filament/forms [90m.[39m[90m.[39m[90m.[39m [32;1mDONE[39;22m
  filament/infolists  [32;1mDONE[39;22m
  filament/notifications  [32;1mDONE[39;22m
  filament/query-builder  [32;1mDONE[39;22m
  filament/schemas [90m.[39m [32;1mDONE[39;22m
  filament/support [90m.[39m [32;1mDONE[39;22m
  filament/tables [90m.[39m[90m.[39m [32;1mDONE[39;22m
  filament/widgets [90m.[39m [32;1mDONE[39;22m
  kirschbaum-development/eloquent-power-joins  [32;1mDONE[39;22m
  laravel/sail [90m.[39m[90m.[39m[90m.[39m[90m.[39m[90m.[39m [32;1mDONE[39;22m
  laravel/tinker [90m.[39m[90m.[39m[90m.[39m [32;1mDONE[39;22m
  livewire/livewire  [32;1mDONE[39;22m
  nesbot/carbon [90m.[39m[90m.[39m[90m.[39m[90m.[39m [32;1mDONE[39;22m
  nunomaduro/collision  [32;1mDONE[39;22m
  nunomaduro/termwind  [32;1mDONE[39;22m
  ryangjchandler/blade-capture-directive  [32;1mDONE[39;22m
  spatie/laravel-ignition  [32;1mDONE[39;22m

101 packages you are using are looking for funding.
Use the `composer fund` command to find out more!
> @php artisan vendor:publish --tag=laravel-assets --ansi --force

  [37;44m INFO [39;49m No publishable resources for tag [1m[laravel-assets][22m.  

No security vulnerability advisories found.
Using version ^5.4 for filament/filament
