[2026-04-28 08:24:22] production.ERROR: The C:\Users\ASUS\Downloads\YG Soft1\YG Chat\bootstrap\cache directory must be present and writable. {"exception":"[object] (Exception(code: 0): The C:\\Users\\ASUS\\Downloads\\YG Soft1\\YG Chat\\bootstrap\\cache directory must be present and writable. at C:/Users/ASUS/Downloads/YG Soft1/YG Chat/vendor/laravel/framework/src/Illuminate/Foundation/PackageManifest.php:179)
[stacktrace]
#0 C:/Users/ASUS/Downloads/YG Soft1/YG Chat/vendor/laravel/framework/src/Illuminate/Foundation/PackageManifest.php(132): Illuminate/Foundation/PackageManifest->write()
#1 C:/Users/ASUS/Downloads/YG Soft1/YG Chat/vendor/laravel/framework/src/Illuminate/Foundation/PackageManifest.php(108): Illuminate/Foundation/PackageManifest->build()
#2 C:/Users/ASUS/Downloads/YG Soft1/YG Chat/vendor/laravel/framework/src/Illuminate/Foundation/PackageManifest.php(91): Illuminate/Foundation/PackageManifest->getManifest()
#3 C:/Users/ASUS/Downloads/YG Soft1/YG Chat/vendor/laravel/framework/src/Illuminate/Foundation/PackageManifest.php(80): Illuminate/Foundation/PackageManifest->config()
#4 C:/Users/ASUS/Downloads/YG Soft1/YG Chat/vendor/laravel/framework/src/Illuminate/Foundation/Bootstrap/RegisterFacades.php(26): Illuminate/Foundation/PackageManifest->aliases()
#5 C:/Users/ASUS/Downloads/YG Soft1/YG Chat/vendor/laravel/framework/src/Illuminate/Foundation/Application.php(342): Illuminate/Foundation/Bootstrap/RegisterFacades->bootstrap()
#6 C:/Users/ASUS/Downloads/YG Soft1/YG Chat/vendor/laravel/framework/src/Illuminate/Foundation/Console/Kernel.php(474): Illuminate/Foundation/Application->bootstrapWith()
#7 C:/Users/ASUS/Downloads/YG Soft1/YG Chat/vendor/laravel/framework/src/Illuminate/Foundation/Console/Kernel.php(196): Illuminate/Foundation/Console/Kernel->bootstrap()
#8 C:/Users/ASUS/Downloads/YG Soft1/YG Chat/vendor/laravel/framework/src/Illuminate/Foundation/Application.php(1235): Illuminate/Foundation/Console/Kernel->handle()
#9 C:/Users/ASUS/Downloads/YG Soft1/YG Chat/artisan(13): Illuminate/Foundation/Application->handleCommand()
#10 {main}
"} 
[2026-04-29 22:38:31] production.ERROR: The C:\Users\ASUS\Downloads\YG Soft1\YG Chat\bootstrap\cache directory must be present and writable. {"exception":"[object] (Exception(code: 0): The C:\\Users\\ASUS\\Downloads\\YG Soft1\\YG Chat\\bootstrap\\cache directory must be present and writable. at C:/Users/ASUS/Downloads/YG Soft1/YG Chat/vendor/laravel/framework/src/Illuminate/Foundation/PackageManifest.php:179)
[stacktrace]
#0 C:/Users/ASUS/Downloads/YG Soft1/YG Chat/vendor/laravel/framework/src/Illuminate/Foundation/PackageManifest.php(132): Illuminate/Foundation/PackageManifest->write()
#1 C:/Users/ASUS/Downloads/YG Soft1/YG Chat/vendor/laravel/framework/src/Illuminate/Foundation/PackageManifest.php(108): Illuminate/Foundation/PackageManifest->build()
#2 C:/Users/ASUS/Downloads/YG Soft1/YG Chat/vendor/laravel/framework/src/Illuminate/Foundation/PackageManifest.php(91): Illuminate/Foundation/PackageManifest->getManifest()
#3 C:/Users/ASUS/Downloads/YG Soft1/YG Chat/vendor/laravel/framework/src/Illuminate/Foundation/PackageManifest.php(80): Illuminate/Foundation/PackageManifest->config()
#4 C:/Users/ASUS/Downloads/YG Soft1/YG Chat/vendor/laravel/framework/src/Illuminate/Foundation/Bootstrap/RegisterFacades.php(26): Illuminate/Foundation/PackageManifest->aliases()
#5 C:/Users/ASUS/Downloads/YG Soft1/YG Chat/vendor/laravel/framework/src/Illuminate/Foundation/Application.php(342): Illuminate/Foundation/Bootstrap/RegisterFacades->bootstrap()
#6 C:/Users/ASUS/Downloads/YG Soft1/YG Chat/vendor/laravel/framework/src/Illuminate/Foundation/Console/Kernel.php(474): Illuminate/Foundation/Application->bootstrapWith()
#7 C:/Users/ASUS/Downloads/YG Soft1/YG Chat/vendor/laravel/framework/src/Illuminate/Foundation/Console/Kernel.php(196): Illuminate/Foundation/Console/Kernel->bootstrap()
#8 C:/Users/ASUS/Downloads/YG Soft1/YG Chat/vendor/laravel/framework/src/Illuminate/Foundation/Application.php(1235): Illuminate/Foundation/Console/Kernel->handle()
#9 C:/Users/ASUS/Downloads/YG Soft1/YG Chat/artisan(13): Illuminate/Foundation/Application->handleCommand()
#10 {main}
"} 
[2026-04-29 22:38:40] production.ERROR: The C:\Users\ASUS\Downloads\YG Soft1\YG Chat\bootstrap\cache directory must be present and writable. {"exception":"[object] (Exception(code: 0): The C:\\Users\\ASUS\\Downloads\\YG Soft1\\YG Chat\\bootstrap\\cache directory must be present and writable. at C:/Users/ASUS/Downloads/YG Soft1/YG Chat/vendor/laravel/framework/src/Illuminate/Foundation/PackageManifest.php:179)
[stacktrace]
#0 C:/Users/ASUS/Downloads/YG Soft1/YG Chat/vendor/laravel/framework/src/Illuminate/Foundation/PackageManifest.php(132): Illuminate/Foundation/PackageManifest->write()
#1 C:/Users/ASUS/Downloads/YG Soft1/YG Chat/vendor/laravel/framework/src/Illuminate/Foundation/PackageManifest.php(108): Illuminate/Foundation/PackageManifest->build()
#2 C:/Users/ASUS/Downloads/YG Soft1/YG Chat/vendor/laravel/framework/src/Illuminate/Foundation/PackageManifest.php(91): Illuminate/Foundation/PackageManifest->getManifest()
#3 C:/Users/ASUS/Downloads/YG Soft1/YG Chat/vendor/laravel/framework/src/Illuminate/Foundation/PackageManifest.php(80): Illuminate/Foundation/PackageManifest->config()
#4 C:/Users/ASUS/Downloads/YG Soft1/YG Chat/vendor/laravel/framework/src/Illuminate/Foundation/Bootstrap/RegisterFacades.php(26): Illuminate/Foundation/PackageManifest->aliases()
#5 C:/Users/ASUS/Downloads/YG Soft1/YG Chat/vendor/laravel/framework/src/Illuminate/Foundation/Application.php(342): Illuminate/Foundation/Bootstrap/RegisterFacades->bootstrap()
#6 C:/Users/ASUS/Downloads/YG Soft1/YG Chat/vendor/laravel/framework/src/Illuminate/Foundation/Console/Kernel.php(474): Illuminate/Foundation/Application->bootstrapWith()
#7 C:/Users/ASUS/Downloads/YG Soft1/YG Chat/vendor/laravel/framework/src/Illuminate/Foundation/Console/Kernel.php(196): Illuminate/Foundation/Console/Kernel->bootstrap()
#8 C:/Users/ASUS/Downloads/YG Soft1/YG Chat/vendor/laravel/framework/src/Illuminate/Foundation/Application.php(1235): Illuminate/Foundation/Console/Kernel->handle()
#9 C:/Users/ASUS/Downloads/YG Soft1/YG Chat/artisan(13): Illuminate/Foundation/Application->handleCommand()
#10 {main}
"} 
[2026-04-29 22:39:48] production.ERROR: Please provide a valid cache path. {"exception":"[object] (InvalidArgumentException(code: 0): Please provide a valid cache path. at C:/Users/ASUS/Downloads/YG Soft1/YG Chat/vendor/laravel/framework/src/Illuminate/View/Compilers/Compiler.php:67)
[stacktrace]
#0 C:/Users/ASUS/Downloads/YG Soft1/YG Chat/vendor/laravel/framework/src/Illuminate/View/ViewServiceProvider.php(97): Illuminate/View/Compilers/Compiler->__construct()
#1 C:/Users/ASUS/Downloads/YG Soft1/YG Chat/vendor/laravel/framework/src/Illuminate/Container/Container.php(952): Illuminate/View/ViewServiceProvider->Illuminate/View/{closure}()
#2 C:/Users/ASUS/Downloads/YG Soft1/YG Chat/vendor/laravel/framework/src/Illuminate/Container/Container.php(832): Illuminate/Container/Container->build()
#3 C:/Users/ASUS/Downloads/YG Soft1/YG Chat/vendor/laravel/framework/src/Illuminate/Foundation/Application.php(1078): Illuminate/Container/Container->resolve()
#4 C:/Users/ASUS/Downloads/YG Soft1/YG Chat/vendor/laravel/framework/src/Illuminate/Container/Container.php(763): Illuminate/Foundation/Application->resolve()
#5 C:/Users/ASUS/Downloads/YG Soft1/YG Chat/vendor/laravel/framework/src/Illuminate/Foundation/Application.php(1058): Illuminate/Container/Container->make()
#6 C:/Users/ASUS/Downloads/YG Soft1/YG Chat/vendor/laravel/framework/src/Illuminate/Container/Container.php(1580): Illuminate/Foundation/Application->make()
#7 C:/Users/ASUS/Downloads/YG Soft1/YG Chat/vendor/laravel/framework/src/Illuminate/Support/Facades/Facade.php(239): Illuminate/Container/Container->offsetGet()
#8 C:/Users/ASUS/Downloads/YG Soft1/YG Chat/vendor/laravel/framework/src/Illuminate/Support/Facades/Facade.php(210): Illuminate/Support/Facades/Facade::resolveFacadeInstance()
#9 C:/Users/ASUS/Downloads/YG Soft1/YG Chat/vendor/laravel/framework/src/Illuminate/Support/Facades/Facade.php(355): Illuminate/Support/Facades/Facade::getFacadeRoot()
#10 C:/Users/ASUS/Downloads/YG Soft1/YG Chat/vendor/blade-ui-kit/blade-icons/src/BladeIconsServiceProvider.php(122): Illuminate/Support/Facades/Facade::__callStatic()
#11 C:/Users/ASUS/Downloads/YG Soft1/YG Chat/vendor/blade-ui-kit/blade-icons/src/BladeIconsServiceProvider.php(27): BladeUI/Icons/BladeIconsServiceProvider->bootDirectives()
#12 C:/Users/ASUS/Downloads/YG Soft1/YG Chat/vendor/laravel/framework/src/Illuminate/Container/BoundMethod.php(36): BladeUI/Icons/BladeIconsServiceProvider->boot()
#13 C:/Users/ASUS/Downloads/YG Soft1/YG Chat/vendor/laravel/framework/src/Illuminate/Container/Util.php(43): Illuminate/Container/BoundMethod::Illuminate/Container/{closure}()
#14 C:/Users/ASUS/Downloads/YG Soft1/YG Chat/vendor/laravel/framework/src/Illuminate/Container/BoundMethod.php(95): Illuminate/Container/Util::unwrapIfClosure()
#15 C:/Users/ASUS/Downloads/YG Soft1/YG Chat/vendor/laravel/framework/src/Illuminate/Container/BoundMethod.php(35): Illuminate/Container/BoundMethod::callBoundMethod()
#16 C:/Users/ASUS/Downloads/YG Soft1/YG Chat/vendor/laravel/framework/src/Illuminate/Container/Container.php(696): Illuminate/Container/BoundMethod::call()
#17 C:/Users/ASUS/Downloads/YG Soft1/YG Chat/vendor/laravel/framework/src/Illuminate/Foundation/Application.php(1151): Illuminate/Container/Container->call()
#18 C:/Users/ASUS/Downloads/YG Soft1/YG Chat/vendor/laravel/framework/src/Illuminate/Foundation/Application.php(1132): Illuminate/Foundation/Application->bootProvider()
#19 [internal function]: Illuminate/Foundation/Application->Illuminate/Foundation/{closure}()
#20 C:/Users/ASUS/Downloads/YG Soft1/YG Chat/vendor/laravel/framework/src/Illuminate/Foundation/Application.php(1131): array_walk()
#21 C:/Users/ASUS/Downloads/YG Soft1/YG Chat/vendor/laravel/framework/src/Illuminate/Foundation/Bootstrap/BootProviders.php(17): Illuminate/Foundation/Application->boot()
#22 C:/Users/ASUS/Downloads/YG Soft1/YG Chat/vendor/laravel/framework/src/Illuminate/Foundation/Application.php(342): Illuminate/Foundation/Bootstrap/BootProviders->bootstrap()
#23 C:/Users/ASUS/Downloads/YG Soft1/YG Chat/vendor/laravel/framework/src/Illuminate/Foundation/Console/Kernel.php(474): Illuminate/Foundation/Application->bootstrapWith()
#24 C:/Users/ASUS/Downloads/YG Soft1/YG Chat/vendor/laravel/framework/src/Illuminate/Foundation/Console/Kernel.php(196): Illuminate/Foundation/Console/Kernel->bootstrap()
#25 C:/Users/ASUS/Downloads/YG Soft1/YG Chat/vendor/laravel/framework/src/Illuminate/Foundation/Application.php(1235): Illuminate/Foundation/Console/Kernel->handle()
#26 C:/Users/ASUS/Downloads/YG Soft1/YG Chat/artisan(13): Illuminate/Foundation/Application->handleCommand()
#27 {main}
"} 
[2026-05-11 21:58:56] production.ERROR: Please provide a valid cache path. {"exception":"[object] (InvalidArgumentException(code: 0): Please provide a valid cache path. at D:/YG SoftX/Xone/chat/vendor/laravel/framework/src/Illuminate/View/Compilers/Compiler.php:67)
[stacktrace]
#0 D:/YG SoftX/Xone/chat/vendor/laravel/framework/src/Illuminate/View/ViewServiceProvider.php(97): Illuminate/View/Compilers/Compiler->__construct()
#1 D:/YG SoftX/Xone/chat/vendor/laravel/framework/src/Illuminate/Container/Container.php(952): Illuminate/View/ViewServiceProvider->Illuminate/View/{closure}()
#2 D:/YG SoftX/Xone/chat/vendor/laravel/framework/src/Illuminate/Container/Container.php(832): Illuminate/Container/Container->build()
#3 D:/YG SoftX/Xone/chat/vendor/laravel/framework/src/Illuminate/Foundation/Application.php(1078): Illuminate/Container/Container->resolve()
#4 D:/YG SoftX/Xone/chat/vendor/laravel/framework/src/Illuminate/Container/Container.php(763): Illuminate/Foundation/Application->resolve()
#5 D:/YG SoftX/Xone/chat/vendor/laravel/framework/src/Illuminate/Foundation/Application.php(1058): Illuminate/Container/Container->make()
#6 D:/YG SoftX/Xone/chat/vendor/laravel/framework/src/Illuminate/Container/Container.php(1580): Illuminate/Foundation/Application->make()
#7 D:/YG SoftX/Xone/chat/vendor/laravel/framework/src/Illuminate/Support/Facades/Facade.php(239): Illuminate/Container/Container->offsetGet()
#8 D:/YG SoftX/Xone/chat/vendor/laravel/framework/src/Illuminate/Support/Facades/Facade.php(210): Illuminate/Support/Facades/Facade::resolveFacadeInstance()
#9 D:/YG SoftX/Xone/chat/vendor/laravel/framework/src/Illuminate/Support/Facades/Facade.php(355): Illuminate/Support/Facades/Facade::getFacadeRoot()
#10 D:/YG SoftX/Xone/chat/vendor/blade-ui-kit/blade-icons/src/BladeIconsServiceProvider.php(122): Illuminate/Support/Facades/Facade::__callStatic()
#11 D:/YG SoftX/Xone/chat/vendor/blade-ui-kit/blade-icons/src/BladeIconsServiceProvider.php(27): BladeUI/Icons/BladeIconsServiceProvider->bootDirectives()
#12 D:/YG SoftX/Xone/chat/vendor/laravel/framework/src/Illuminate/Container/BoundMethod.php(36): BladeUI/Icons/BladeIconsServiceProvider->boot()
#13 D:/YG SoftX/Xone/chat/vendor/laravel/framework/src/Illuminate/Container/Util.php(43): Illuminate/Container/BoundMethod::Illuminate/Container/{closure}()
#14 D:/YG SoftX/Xone/chat/vendor/laravel/framework/src/Illuminate/Container/BoundMethod.php(95): Illuminate/Container/Util::unwrapIfClosure()
#15 D:/YG SoftX/Xone/chat/vendor/laravel/framework/src/Illuminate/Container/BoundMethod.php(35): Illuminate/Container/BoundMethod::callBoundMethod()
#16 D:/YG SoftX/Xone/chat/vendor/laravel/framework/src/Illuminate/Container/Container.php(696): Illuminate/Container/BoundMethod::call()
#17 D:/YG SoftX/Xone/chat/vendor/laravel/framework/src/Illuminate/Foundation/Application.php(1151): Illuminate/Container/Container->call()
#18 D:/YG SoftX/Xone/chat/vendor/laravel/framework/src/Illuminate/Foundation/Application.php(1132): Illuminate/Foundation/Application->bootProvider()
#19 [internal function]: Illuminate/Foundation/Application->Illuminate/Foundation/{closure}()
#20 D:/YG SoftX/Xone/chat/vendor/laravel/framework/src/Illuminate/Foundation/Application.php(1131): array_walk()
#21 D:/YG SoftX/Xone/chat/vendor/laravel/framework/src/Illuminate/Foundation/Bootstrap/BootProviders.php(17): Illuminate/Foundation/Application->boot()
#22 D:/YG SoftX/Xone/chat/vendor/laravel/framework/src/Illuminate/Foundation/Application.php(342): Illuminate/Foundation/Bootstrap/BootProviders->bootstrap()
#23 D:/YG SoftX/Xone/chat/vendor/laravel/framework/src/Illuminate/Foundation/Console/Kernel.php(474): Illuminate/Foundation/Application->bootstrapWith()
#24 D:/YG SoftX/Xone/chat/vendor/laravel/framework/src/Illuminate/Foundation/Console/Kernel.php(196): Illuminate/Foundation/Console/Kernel->bootstrap()
#25 D:/YG SoftX/Xone/chat/vendor/laravel/framework/src/Illuminate/Foundation/Application.php(1235): Illuminate/Foundation/Console/Kernel->handle()
#26 D:/YG SoftX/Xone/chat/artisan(13): Illuminate/Foundation/Application->handleCommand()
#27 {main}
"} 
[2026-05-11 22:14:27] production.ERROR: Please provide a valid cache path. {"exception":"[object] (InvalidArgumentException(code: 0): Please provide a valid cache path. at D:/YG SoftX/Xone/chat/vendor/laravel/framework/src/Illuminate/View/Compilers/Compiler.php:67)
[stacktrace]
#0 D:/YG SoftX/Xone/chat/vendor/laravel/framework/src/Illuminate/View/ViewServiceProvider.php(97): Illuminate/View/Compilers/Compiler->__construct()
#1 D:/YG SoftX/Xone/chat/vendor/laravel/framework/src/Illuminate/Container/Container.php(952): Illuminate/View/ViewServiceProvider->Illuminate/View/{closure}()
#2 D:/YG SoftX/Xone/chat/vendor/laravel/framework/src/Illuminate/Container/Container.php(832): Illuminate/Container/Container->build()
#3 D:/YG SoftX/Xone/chat/vendor/laravel/framework/src/Illuminate/Foundation/Application.php(1078): Illuminate/Container/Container->resolve()
#4 D:/YG SoftX/Xone/chat/vendor/laravel/framework/src/Illuminate/Container/Container.php(763): Illuminate/Foundation/Application->resolve()
#5 D:/YG SoftX/Xone/chat/vendor/laravel/framework/src/Illuminate/Foundation/Application.php(1058): Illuminate/Container/Container->make()
#6 D:/YG SoftX/Xone/chat/vendor/laravel/framework/src/Illuminate/Container/Container.php(1580): Illuminate/Foundation/Application->make()
#7 D:/YG SoftX/Xone/chat/vendor/laravel/framework/src/Illuminate/Support/Facades/Facade.php(239): Illuminate/Container/Container->offsetGet()
#8 D:/YG SoftX/Xone/chat/vendor/laravel/framework/src/Illuminate/Support/Facades/Facade.php(210): Illuminate/Support/Facades/Facade::resolveFacadeInstance()
#9 D:/YG SoftX/Xone/chat/vendor/laravel/framework/src/Illuminate/Support/Facades/Facade.php(355): Illuminate/Support/Facades/Facade::getFacadeRoot()
#10 D:/YG SoftX/Xone/chat/vendor/blade-ui-kit/blade-icons/src/BladeIconsServiceProvider.php(122): Illuminate/Support/Facades/Facade::__callStatic()
#11 D:/YG SoftX/Xone/chat/vendor/blade-ui-kit/blade-icons/src/BladeIconsServiceProvider.php(27): BladeUI/Icons/BladeIconsServiceProvider->bootDirectives()
#12 D:/YG SoftX/Xone/chat/vendor/laravel/framework/src/Illuminate/Container/BoundMethod.php(36): BladeUI/Icons/BladeIconsServiceProvider->boot()
#13 D:/YG SoftX/Xone/chat/vendor/laravel/framework/src/Illuminate/Container/Util.php(43): Illuminate/Container/BoundMethod::Illuminate/Container/{closure}()
#14 D:/YG SoftX/Xone/chat/vendor/laravel/framework/src/Illuminate/Container/BoundMethod.php(95): Illuminate/Container/Util::unwrapIfClosure()
#15 D:/YG SoftX/Xone/chat/vendor/laravel/framework/src/Illuminate/Container/BoundMethod.php(35): Illuminate/Container/BoundMethod::callBoundMethod()
#16 D:/YG SoftX/Xone/chat/vendor/laravel/framework/src/Illuminate/Container/Container.php(696): Illuminate/Container/BoundMethod::call()
#17 D:/YG SoftX/Xone/chat/vendor/laravel/framework/src/Illuminate/Foundation/Application.php(1151): Illuminate/Container/Container->call()
#18 D:/YG SoftX/Xone/chat/vendor/laravel/framework/src/Illuminate/Foundation/Application.php(1132): Illuminate/Foundation/Application->bootProvider()
#19 [internal function]: Illuminate/Foundation/Application->Illuminate/Foundation/{closure}()
#20 D:/YG SoftX/Xone/chat/vendor/laravel/framework/src/Illuminate/Foundation/Application.php(1131): array_walk()
#21 D:/YG SoftX/Xone/chat/vendor/laravel/framework/src/Illuminate/Foundation/Bootstrap/BootProviders.php(17): Illuminate/Foundation/Application->boot()
#22 D:/YG SoftX/Xone/chat/vendor/laravel/framework/src/Illuminate/Foundation/Application.php(342): Illuminate/Foundation/Bootstrap/BootProviders->bootstrap()
#23 D:/YG SoftX/Xone/chat/vendor/laravel/framework/src/Illuminate/Foundation/Console/Kernel.php(474): Illuminate/Foundation/Application->bootstrapWith()
#24 D:/YG SoftX/Xone/chat/vendor/laravel/framework/src/Illuminate/Foundation/Console/Kernel.php(196): Illuminate/Foundation/Console/Kernel->bootstrap()
#25 D:/YG SoftX/Xone/chat/vendor/laravel/framework/src/Illuminate/Foundation/Application.php(1235): Illuminate/Foundation/Console/Kernel->handle()
#26 D:/YG SoftX/Xone/chat/artisan(13): Illuminate/Foundation/Application->handleCommand()
#27 {main}
"} 
[2026-05-12 07:28:56] production.ERROR: Please provide a valid cache path. {"exception":"[object] (InvalidArgumentException(code: 0): Please provide a valid cache path. at D:/YG SoftX/Xone/chat/vendor/laravel/framework/src/Illuminate/View/Compilers/Compiler.php:67)
[stacktrace]
#0 D:/YG SoftX/Xone/chat/vendor/laravel/framework/src/Illuminate/View/ViewServiceProvider.php(97): Illuminate/View/Compilers/Compiler->__construct()
#1 D:/YG SoftX/Xone/chat/vendor/laravel/framework/src/Illuminate/Container/Container.php(952): Illuminate/View/ViewServiceProvider->Illuminate/View/{closure}()
#2 D:/YG SoftX/Xone/chat/vendor/laravel/framework/src/Illuminate/Container/Container.php(832): Illuminate/Container/Container->build()
#3 D:/YG SoftX/Xone/chat/vendor/laravel/framework/src/Illuminate/Foundation/Application.php(1078): Illuminate/Container/Container->resolve()
#4 D:/YG SoftX/Xone/chat/vendor/laravel/framework/src/Illuminate/Container/Container.php(763): Illuminate/Foundation/Application->resolve()
#5 D:/YG SoftX/Xone/chat/vendor/laravel/framework/src/Illuminate/Foundation/Application.php(1058): Illuminate/Container/Container->make()
#6 D:/YG SoftX/Xone/chat/vendor/laravel/framework/src/Illuminate/Container/Container.php(1580): Illuminate/Foundation/Application->make()
#7 D:/YG SoftX/Xone/chat/vendor/laravel/framework/src/Illuminate/Support/Facades/Facade.php(239): Illuminate/Container/Container->offsetGet()
#8 D:/YG SoftX/Xone/chat/vendor/laravel/framework/src/Illuminate/Support/Facades/Facade.php(210): Illuminate/Support/Facades/Facade::resolveFacadeInstance()
#9 D:/YG SoftX/Xone/chat/vendor/laravel/framework/src/Illuminate/Support/Facades/Facade.php(355): Illuminate/Support/Facades/Facade::getFacadeRoot()
#10 D:/YG SoftX/Xone/chat/vendor/blade-ui-kit/blade-icons/src/BladeIconsServiceProvider.php(122): Illuminate/Support/Facades/Facade::__callStatic()
#11 D:/YG SoftX/Xone/chat/vendor/blade-ui-kit/blade-icons/src/BladeIconsServiceProvider.php(27): BladeUI/Icons/BladeIconsServiceProvider->bootDirectives()
#12 D:/YG SoftX/Xone/chat/vendor/laravel/framework/src/Illuminate/Container/BoundMethod.php(36): BladeUI/Icons/BladeIconsServiceProvider->boot()
#13 D:/YG SoftX/Xone/chat/vendor/laravel/framework/src/Illuminate/Container/Util.php(43): Illuminate/Container/BoundMethod::Illuminate/Container/{closure}()
#14 D:/YG SoftX/Xone/chat/vendor/laravel/framework/src/Illuminate/Container/BoundMethod.php(95): Illuminate/Container/Util::unwrapIfClosure()
#15 D:/YG SoftX/Xone/chat/vendor/laravel/framework/src/Illuminate/Container/BoundMethod.php(35): Illuminate/Container/BoundMethod::callBoundMethod()
#16 D:/YG SoftX/Xone/chat/vendor/laravel/framework/src/Illuminate/Container/Container.php(696): Illuminate/Container/BoundMethod::call()
#17 D:/YG SoftX/Xone/chat/vendor/laravel/framework/src/Illuminate/Foundation/Application.php(1151): Illuminate/Container/Container->call()
#18 D:/YG SoftX/Xone/chat/vendor/laravel/framework/src/Illuminate/Foundation/Application.php(1132): Illuminate/Foundation/Application->bootProvider()
#19 [internal function]: Illuminate/Foundation/Application->Illuminate/Foundation/{closure}()
#20 D:/YG SoftX/Xone/chat/vendor/laravel/framework/src/Illuminate/Foundation/Application.php(1131): array_walk()
#21 D:/YG SoftX/Xone/chat/vendor/laravel/framework/src/Illuminate/Foundation/Bootstrap/BootProviders.php(17): Illuminate/Foundation/Application->boot()
#22 D:/YG SoftX/Xone/chat/vendor/laravel/framework/src/Illuminate/Foundation/Application.php(342): Illuminate/Foundation/Bootstrap/BootProviders->bootstrap()
#23 D:/YG SoftX/Xone/chat/vendor/laravel/framework/src/Illuminate/Foundation/Console/Kernel.php(474): Illuminate/Foundation/Application->bootstrapWith()
#24 D:/YG SoftX/Xone/chat/vendor/laravel/framework/src/Illuminate/Foundation/Console/Kernel.php(196): Illuminate/Foundation/Console/Kernel->bootstrap()
#25 D:/YG SoftX/Xone/chat/vendor/laravel/framework/src/Illuminate/Foundation/Application.php(1235): Illuminate/Foundation/Console/Kernel->handle()
#26 D:/YG SoftX/Xone/chat/artisan(13): Illuminate/Foundation/Application->handleCommand()
#27 {main}
"} 
