[2026-05-06 18:50:08] production.ERROR: The C:\Users\ASUS\Downloads\YG Soft1\YG Drive\bootstrap\cache directory must be present and writable. {"exception":"[object] (Exception(code: 0): The C:\\Users\\ASUS\\Downloads\\YG Soft1\\YG Drive\\bootstrap\\cache directory must be present and writable. at C:/Users/ASUS/Downloads/YG Soft1/YG Drive/vendor/laravel/framework/src/Illuminate/Foundation/PackageManifest.php:179)
[stacktrace]
#0 C:/Users/ASUS/Downloads/YG Soft1/YG Drive/vendor/laravel/framework/src/Illuminate/Foundation/PackageManifest.php(132): Illuminate/Foundation/PackageManifest->write()
#1 C:/Users/ASUS/Downloads/YG Soft1/YG Drive/vendor/laravel/framework/src/Illuminate/Foundation/PackageManifest.php(108): Illuminate/Foundation/PackageManifest->build()
#2 C:/Users/ASUS/Downloads/YG Soft1/YG Drive/vendor/laravel/framework/src/Illuminate/Foundation/PackageManifest.php(90): Illuminate/Foundation/PackageManifest->getManifest()
#3 C:/Users/ASUS/Downloads/YG Soft1/YG Drive/vendor/laravel/framework/src/Illuminate/Foundation/PackageManifest.php(79): Illuminate/Foundation/PackageManifest->config()
#4 C:/Users/ASUS/Downloads/YG Soft1/YG Drive/vendor/laravel/framework/src/Illuminate/Foundation/Bootstrap/RegisterFacades.php(26): Illuminate/Foundation/PackageManifest->aliases()
#5 C:/Users/ASUS/Downloads/YG Soft1/YG Drive/vendor/laravel/framework/src/Illuminate/Foundation/Application.php(342): Illuminate/Foundation/Bootstrap/RegisterFacades->bootstrap()
#6 C:/Users/ASUS/Downloads/YG Soft1/YG Drive/vendor/laravel/framework/src/Illuminate/Foundation/Console/Kernel.php(494): Illuminate/Foundation/Application->bootstrapWith()
#7 C:/Users/ASUS/Downloads/YG Soft1/YG Drive/vendor/laravel/framework/src/Illuminate/Foundation/Console/Kernel.php(196): Illuminate/Foundation/Console/Kernel->bootstrap()
#8 C:/Users/ASUS/Downloads/YG Soft1/YG Drive/vendor/laravel/framework/src/Illuminate/Foundation/Application.php(1235): Illuminate/Foundation/Console/Kernel->handle()
#9 C:/Users/ASUS/Downloads/YG Soft1/YG Drive/artisan(13): Illuminate/Foundation/Application->handleCommand()
#10 {main}
"} 
[2026-05-06 18:51:12] production.ERROR: Class "App\Http\Controllers\Controller" not found {"exception":"[object] (Error(code: 0): Class \"App\\Http\\Controllers\\Controller\" not found at C:/Users/ASUS/Downloads/YG Soft1/YG Drive/app/Http/Controllers/DownloadController.php:11)
[stacktrace]
#0 C:/Users/ASUS/Downloads/YG Soft1/YG Drive/vendor/composer/ClassLoader.php(576): include()
#1 C:/Users/ASUS/Downloads/YG Soft1/YG Drive/vendor/composer/ClassLoader.php(427): Composer/Autoload/{closure}()
#2 [internal function]: Composer/Autoload/ClassLoader->loadClass()
#3 C:/Users/ASUS/Downloads/YG Soft1/YG Drive/vendor/laravel/framework/src/Illuminate/Reflection/Reflector.php(41): class_exists()
#4 C:/Users/ASUS/Downloads/YG Soft1/YG Drive/vendor/laravel/framework/src/Illuminate/Routing/RouteRegistrar.php(265): Illuminate/Support/Reflector::isCallable()
#5 C:/Users/ASUS/Downloads/YG Soft1/YG Drive/vendor/laravel/framework/src/Illuminate/Routing/RouteRegistrar.php(244): Illuminate/Routing/RouteRegistrar->compileAction()
#6 C:/Users/ASUS/Downloads/YG Soft1/YG Drive/vendor/laravel/framework/src/Illuminate/Routing/RouteRegistrar.php(294): Illuminate/Routing/RouteRegistrar->registerRoute()
#7 C:/Users/ASUS/Downloads/YG Soft1/YG Drive/routes/web.php(11): Illuminate/Routing/RouteRegistrar->__call()
#8 C:/Users/ASUS/Downloads/YG Soft1/YG Drive/vendor/laravel/framework/src/Illuminate/Routing/RouteFileRegistrar.php(34): require('...')
#9 C:/Users/ASUS/Downloads/YG Soft1/YG Drive/vendor/laravel/framework/src/Illuminate/Routing/Router.php(526): Illuminate/Routing/RouteFileRegistrar->register()
#10 C:/Users/ASUS/Downloads/YG Soft1/YG Drive/vendor/laravel/framework/src/Illuminate/Routing/Router.php(480): Illuminate/Routing/Router->loadRoutes()
#11 C:/Users/ASUS/Downloads/YG Soft1/YG Drive/vendor/laravel/framework/src/Illuminate/Routing/RouteRegistrar.php(212): Illuminate/Routing/Router->group()
#12 C:/Users/ASUS/Downloads/YG Soft1/YG Drive/vendor/laravel/framework/src/Illuminate/Foundation/Configuration/ApplicationBuilder.php(248): Illuminate/Routing/RouteRegistrar->group()
#13 C:/Users/ASUS/Downloads/YG Soft1/YG Drive/vendor/laravel/framework/src/Illuminate/Container/BoundMethod.php(36): Illuminate/Foundation/Configuration/ApplicationBuilder->Illuminate/Foundation/Configuration/{closure}()
#14 C:/Users/ASUS/Downloads/YG Soft1/YG Drive/vendor/laravel/framework/src/Illuminate/Container/Util.php(43): Illuminate/Container/BoundMethod::Illuminate/Container/{closure}()
#15 C:/Users/ASUS/Downloads/YG Soft1/YG Drive/vendor/laravel/framework/src/Illuminate/Container/BoundMethod.php(84): Illuminate/Container/Util::unwrapIfClosure()
#16 C:/Users/ASUS/Downloads/YG Soft1/YG Drive/vendor/laravel/framework/src/Illuminate/Container/BoundMethod.php(35): Illuminate/Container/BoundMethod::callBoundMethod()
#17 C:/Users/ASUS/Downloads/YG Soft1/YG Drive/vendor/laravel/framework/src/Illuminate/Container/Container.php(799): Illuminate/Container/BoundMethod::call()
#18 C:/Users/ASUS/Downloads/YG Soft1/YG Drive/vendor/laravel/framework/src/Illuminate/Foundation/Support/Providers/RouteServiceProvider.php(162): Illuminate/Container/Container->call()
#19 C:/Users/ASUS/Downloads/YG Soft1/YG Drive/vendor/laravel/framework/src/Illuminate/Foundation/Support/Providers/RouteServiceProvider.php(59): Illuminate/Foundation/Support/Providers/RouteServiceProvider->loadRoutes()
#20 C:/Users/ASUS/Downloads/YG Soft1/YG Drive/vendor/laravel/framework/src/Illuminate/Container/BoundMethod.php(36): Illuminate/Foundation/Support/Providers/RouteServiceProvider->Illuminate/Foundation/Support/Providers/{closure}()
#21 C:/Users/ASUS/Downloads/YG Soft1/YG Drive/vendor/laravel/framework/src/Illuminate/Container/Util.php(43): Illuminate/Container/BoundMethod::Illuminate/Container/{closure}()
#22 C:/Users/ASUS/Downloads/YG Soft1/YG Drive/vendor/laravel/framework/src/Illuminate/Container/BoundMethod.php(84): Illuminate/Container/Util::unwrapIfClosure()
#23 C:/Users/ASUS/Downloads/YG Soft1/YG Drive/vendor/laravel/framework/src/Illuminate/Container/BoundMethod.php(35): Illuminate/Container/BoundMethod::callBoundMethod()
#24 C:/Users/ASUS/Downloads/YG Soft1/YG Drive/vendor/laravel/framework/src/Illuminate/Container/Container.php(799): Illuminate/Container/BoundMethod::call()
#25 C:/Users/ASUS/Downloads/YG Soft1/YG Drive/vendor/laravel/framework/src/Illuminate/Support/ServiceProvider.php(150): Illuminate/Container/Container->call()
#26 C:/Users/ASUS/Downloads/YG Soft1/YG Drive/vendor/laravel/framework/src/Illuminate/Foundation/Application.php(1154): Illuminate/Support/ServiceProvider->callBootedCallbacks()
#27 C:/Users/ASUS/Downloads/YG Soft1/YG Drive/vendor/laravel/framework/src/Illuminate/Foundation/Application.php(1132): Illuminate/Foundation/Application->bootProvider()
#28 [internal function]: Illuminate/Foundation/Application->Illuminate/Foundation/{closure}()
#29 C:/Users/ASUS/Downloads/YG Soft1/YG Drive/vendor/laravel/framework/src/Illuminate/Foundation/Application.php(1131): array_walk()
#30 C:/Users/ASUS/Downloads/YG Soft1/YG Drive/vendor/laravel/framework/src/Illuminate/Foundation/Bootstrap/BootProviders.php(17): Illuminate/Foundation/Application->boot()
#31 C:/Users/ASUS/Downloads/YG Soft1/YG Drive/vendor/laravel/framework/src/Illuminate/Foundation/Application.php(342): Illuminate/Foundation/Bootstrap/BootProviders->bootstrap()
#32 C:/Users/ASUS/Downloads/YG Soft1/YG Drive/vendor/laravel/framework/src/Illuminate/Foundation/Console/Kernel.php(494): Illuminate/Foundation/Application->bootstrapWith()
#33 C:/Users/ASUS/Downloads/YG Soft1/YG Drive/vendor/laravel/framework/src/Illuminate/Foundation/Console/Kernel.php(196): Illuminate/Foundation/Console/Kernel->bootstrap()
#34 C:/Users/ASUS/Downloads/YG Soft1/YG Drive/vendor/laravel/framework/src/Illuminate/Foundation/Application.php(1235): Illuminate/Foundation/Console/Kernel->handle()
#35 C:/Users/ASUS/Downloads/YG Soft1/YG Drive/artisan(13): Illuminate/Foundation/Application->handleCommand()
#36 {main}
"} 
[2026-05-06 18:55:37] production.ERROR: Class "App\Http\Controllers\Controller" not found {"exception":"[object] (Error(code: 0): Class \"App\\Http\\Controllers\\Controller\" not found at C:/Users/ASUS/Downloads/YG Soft1/YG Drive/app/Http/Controllers/DownloadController.php:11)
[stacktrace]
#0 C:/Users/ASUS/Downloads/YG Soft1/YG Drive/vendor/composer/ClassLoader.php(576): include()
#1 C:/Users/ASUS/Downloads/YG Soft1/YG Drive/vendor/composer/ClassLoader.php(427): Composer/Autoload/{closure}()
#2 [internal function]: Composer/Autoload/ClassLoader->loadClass()
#3 C:/Users/ASUS/Downloads/YG Soft1/YG Drive/vendor/laravel/framework/src/Illuminate/Reflection/Reflector.php(41): class_exists()
#4 C:/Users/ASUS/Downloads/YG Soft1/YG Drive/vendor/laravel/framework/src/Illuminate/Routing/RouteRegistrar.php(265): Illuminate/Support/Reflector::isCallable()
#5 C:/Users/ASUS/Downloads/YG Soft1/YG Drive/vendor/laravel/framework/src/Illuminate/Routing/RouteRegistrar.php(244): Illuminate/Routing/RouteRegistrar->compileAction()
#6 C:/Users/ASUS/Downloads/YG Soft1/YG Drive/vendor/laravel/framework/src/Illuminate/Routing/RouteRegistrar.php(294): Illuminate/Routing/RouteRegistrar->registerRoute()
#7 C:/Users/ASUS/Downloads/YG Soft1/YG Drive/routes/web.php(11): Illuminate/Routing/RouteRegistrar->__call()
#8 C:/Users/ASUS/Downloads/YG Soft1/YG Drive/vendor/laravel/framework/src/Illuminate/Routing/RouteFileRegistrar.php(34): require('...')
#9 C:/Users/ASUS/Downloads/YG Soft1/YG Drive/vendor/laravel/framework/src/Illuminate/Routing/Router.php(526): Illuminate/Routing/RouteFileRegistrar->register()
#10 C:/Users/ASUS/Downloads/YG Soft1/YG Drive/vendor/laravel/framework/src/Illuminate/Routing/Router.php(480): Illuminate/Routing/Router->loadRoutes()
#11 C:/Users/ASUS/Downloads/YG Soft1/YG Drive/vendor/laravel/framework/src/Illuminate/Routing/RouteRegistrar.php(212): Illuminate/Routing/Router->group()
#12 C:/Users/ASUS/Downloads/YG Soft1/YG Drive/vendor/laravel/framework/src/Illuminate/Foundation/Configuration/ApplicationBuilder.php(248): Illuminate/Routing/RouteRegistrar->group()
#13 C:/Users/ASUS/Downloads/YG Soft1/YG Drive/vendor/laravel/framework/src/Illuminate/Container/BoundMethod.php(36): Illuminate/Foundation/Configuration/ApplicationBuilder->Illuminate/Foundation/Configuration/{closure}()
#14 C:/Users/ASUS/Downloads/YG Soft1/YG Drive/vendor/laravel/framework/src/Illuminate/Container/Util.php(43): Illuminate/Container/BoundMethod::Illuminate/Container/{closure}()
#15 C:/Users/ASUS/Downloads/YG Soft1/YG Drive/vendor/laravel/framework/src/Illuminate/Container/BoundMethod.php(84): Illuminate/Container/Util::unwrapIfClosure()
#16 C:/Users/ASUS/Downloads/YG Soft1/YG Drive/vendor/laravel/framework/src/Illuminate/Container/BoundMethod.php(35): Illuminate/Container/BoundMethod::callBoundMethod()
#17 C:/Users/ASUS/Downloads/YG Soft1/YG Drive/vendor/laravel/framework/src/Illuminate/Container/Container.php(799): Illuminate/Container/BoundMethod::call()
#18 C:/Users/ASUS/Downloads/YG Soft1/YG Drive/vendor/laravel/framework/src/Illuminate/Foundation/Support/Providers/RouteServiceProvider.php(162): Illuminate/Container/Container->call()
#19 C:/Users/ASUS/Downloads/YG Soft1/YG Drive/vendor/laravel/framework/src/Illuminate/Foundation/Support/Providers/RouteServiceProvider.php(59): Illuminate/Foundation/Support/Providers/RouteServiceProvider->loadRoutes()
#20 C:/Users/ASUS/Downloads/YG Soft1/YG Drive/vendor/laravel/framework/src/Illuminate/Container/BoundMethod.php(36): Illuminate/Foundation/Support/Providers/RouteServiceProvider->Illuminate/Foundation/Support/Providers/{closure}()
#21 C:/Users/ASUS/Downloads/YG Soft1/YG Drive/vendor/laravel/framework/src/Illuminate/Container/Util.php(43): Illuminate/Container/BoundMethod::Illuminate/Container/{closure}()
#22 C:/Users/ASUS/Downloads/YG Soft1/YG Drive/vendor/laravel/framework/src/Illuminate/Container/BoundMethod.php(84): Illuminate/Container/Util::unwrapIfClosure()
#23 C:/Users/ASUS/Downloads/YG Soft1/YG Drive/vendor/laravel/framework/src/Illuminate/Container/BoundMethod.php(35): Illuminate/Container/BoundMethod::callBoundMethod()
#24 C:/Users/ASUS/Downloads/YG Soft1/YG Drive/vendor/laravel/framework/src/Illuminate/Container/Container.php(799): Illuminate/Container/BoundMethod::call()
#25 C:/Users/ASUS/Downloads/YG Soft1/YG Drive/vendor/laravel/framework/src/Illuminate/Support/ServiceProvider.php(150): Illuminate/Container/Container->call()
#26 C:/Users/ASUS/Downloads/YG Soft1/YG Drive/vendor/laravel/framework/src/Illuminate/Foundation/Application.php(1154): Illuminate/Support/ServiceProvider->callBootedCallbacks()
#27 C:/Users/ASUS/Downloads/YG Soft1/YG Drive/vendor/laravel/framework/src/Illuminate/Foundation/Application.php(1132): Illuminate/Foundation/Application->bootProvider()
#28 [internal function]: Illuminate/Foundation/Application->Illuminate/Foundation/{closure}()
#29 C:/Users/ASUS/Downloads/YG Soft1/YG Drive/vendor/laravel/framework/src/Illuminate/Foundation/Application.php(1131): array_walk()
#30 C:/Users/ASUS/Downloads/YG Soft1/YG Drive/vendor/laravel/framework/src/Illuminate/Foundation/Bootstrap/BootProviders.php(17): Illuminate/Foundation/Application->boot()
#31 C:/Users/ASUS/Downloads/YG Soft1/YG Drive/vendor/laravel/framework/src/Illuminate/Foundation/Application.php(342): Illuminate/Foundation/Bootstrap/BootProviders->bootstrap()
#32 C:/Users/ASUS/Downloads/YG Soft1/YG Drive/vendor/laravel/framework/src/Illuminate/Foundation/Console/Kernel.php(494): Illuminate/Foundation/Application->bootstrapWith()
#33 C:/Users/ASUS/Downloads/YG Soft1/YG Drive/vendor/laravel/framework/src/Illuminate/Foundation/Console/Kernel.php(196): Illuminate/Foundation/Console/Kernel->bootstrap()
#34 C:/Users/ASUS/Downloads/YG Soft1/YG Drive/vendor/laravel/framework/src/Illuminate/Foundation/Application.php(1235): Illuminate/Foundation/Console/Kernel->handle()
#35 C:/Users/ASUS/Downloads/YG Soft1/YG Drive/artisan(13): Illuminate/Foundation/Application->handleCommand()
#36 {main}
"} 
[2026-05-11 21:59:36] production.ERROR: Class "App\Http\Controllers\Controller" not found {"exception":"[object] (Error(code: 0): Class \"App\\Http\\Controllers\\Controller\" not found at D:/YG SoftX/Xone/drive/app/Http/Controllers/DownloadController.php:11)
[stacktrace]
#0 D:/YG SoftX/Xone/drive/vendor/composer/ClassLoader.php(576): include()
#1 D:/YG SoftX/Xone/drive/vendor/composer/ClassLoader.php(427): Composer/Autoload/{closure}()
#2 [internal function]: Composer/Autoload/ClassLoader->loadClass()
#3 D:/YG SoftX/Xone/drive/vendor/laravel/framework/src/Illuminate/Reflection/Reflector.php(41): class_exists()
#4 D:/YG SoftX/Xone/drive/vendor/laravel/framework/src/Illuminate/Routing/RouteRegistrar.php(265): Illuminate/Support/Reflector::isCallable()
#5 D:/YG SoftX/Xone/drive/vendor/laravel/framework/src/Illuminate/Routing/RouteRegistrar.php(244): Illuminate/Routing/RouteRegistrar->compileAction()
#6 D:/YG SoftX/Xone/drive/vendor/laravel/framework/src/Illuminate/Routing/RouteRegistrar.php(294): Illuminate/Routing/RouteRegistrar->registerRoute()
#7 D:/YG SoftX/Xone/drive/routes/web.php(11): Illuminate/Routing/RouteRegistrar->__call()
#8 D:/YG SoftX/Xone/drive/vendor/laravel/framework/src/Illuminate/Routing/RouteFileRegistrar.php(34): require('...')
#9 D:/YG SoftX/Xone/drive/vendor/laravel/framework/src/Illuminate/Routing/Router.php(526): Illuminate/Routing/RouteFileRegistrar->register()
#10 D:/YG SoftX/Xone/drive/vendor/laravel/framework/src/Illuminate/Routing/Router.php(480): Illuminate/Routing/Router->loadRoutes()
#11 D:/YG SoftX/Xone/drive/vendor/laravel/framework/src/Illuminate/Routing/RouteRegistrar.php(212): Illuminate/Routing/Router->group()
#12 D:/YG SoftX/Xone/drive/vendor/laravel/framework/src/Illuminate/Foundation/Configuration/ApplicationBuilder.php(248): Illuminate/Routing/RouteRegistrar->group()
#13 D:/YG SoftX/Xone/drive/vendor/laravel/framework/src/Illuminate/Container/BoundMethod.php(36): Illuminate/Foundation/Configuration/ApplicationBuilder->Illuminate/Foundation/Configuration/{closure}()
#14 D:/YG SoftX/Xone/drive/vendor/laravel/framework/src/Illuminate/Container/Util.php(43): Illuminate/Container/BoundMethod::Illuminate/Container/{closure}()
#15 D:/YG SoftX/Xone/drive/vendor/laravel/framework/src/Illuminate/Container/BoundMethod.php(84): Illuminate/Container/Util::unwrapIfClosure()
#16 D:/YG SoftX/Xone/drive/vendor/laravel/framework/src/Illuminate/Container/BoundMethod.php(35): Illuminate/Container/BoundMethod::callBoundMethod()
#17 D:/YG SoftX/Xone/drive/vendor/laravel/framework/src/Illuminate/Container/Container.php(799): Illuminate/Container/BoundMethod::call()
#18 D:/YG SoftX/Xone/drive/vendor/laravel/framework/src/Illuminate/Foundation/Support/Providers/RouteServiceProvider.php(162): Illuminate/Container/Container->call()
#19 D:/YG SoftX/Xone/drive/vendor/laravel/framework/src/Illuminate/Foundation/Support/Providers/RouteServiceProvider.php(59): Illuminate/Foundation/Support/Providers/RouteServiceProvider->loadRoutes()
#20 D:/YG SoftX/Xone/drive/vendor/laravel/framework/src/Illuminate/Container/BoundMethod.php(36): Illuminate/Foundation/Support/Providers/RouteServiceProvider->Illuminate/Foundation/Support/Providers/{closure}()
#21 D:/YG SoftX/Xone/drive/vendor/laravel/framework/src/Illuminate/Container/Util.php(43): Illuminate/Container/BoundMethod::Illuminate/Container/{closure}()
#22 D:/YG SoftX/Xone/drive/vendor/laravel/framework/src/Illuminate/Container/BoundMethod.php(84): Illuminate/Container/Util::unwrapIfClosure()
#23 D:/YG SoftX/Xone/drive/vendor/laravel/framework/src/Illuminate/Container/BoundMethod.php(35): Illuminate/Container/BoundMethod::callBoundMethod()
#24 D:/YG SoftX/Xone/drive/vendor/laravel/framework/src/Illuminate/Container/Container.php(799): Illuminate/Container/BoundMethod::call()
#25 D:/YG SoftX/Xone/drive/vendor/laravel/framework/src/Illuminate/Support/ServiceProvider.php(150): Illuminate/Container/Container->call()
#26 D:/YG SoftX/Xone/drive/vendor/laravel/framework/src/Illuminate/Foundation/Application.php(1154): Illuminate/Support/ServiceProvider->callBootedCallbacks()
#27 D:/YG SoftX/Xone/drive/vendor/laravel/framework/src/Illuminate/Foundation/Application.php(1132): Illuminate/Foundation/Application->bootProvider()
#28 [internal function]: Illuminate/Foundation/Application->Illuminate/Foundation/{closure}()
#29 D:/YG SoftX/Xone/drive/vendor/laravel/framework/src/Illuminate/Foundation/Application.php(1131): array_walk()
#30 D:/YG SoftX/Xone/drive/vendor/laravel/framework/src/Illuminate/Foundation/Bootstrap/BootProviders.php(17): Illuminate/Foundation/Application->boot()
#31 D:/YG SoftX/Xone/drive/vendor/laravel/framework/src/Illuminate/Foundation/Application.php(342): Illuminate/Foundation/Bootstrap/BootProviders->bootstrap()
#32 D:/YG SoftX/Xone/drive/vendor/laravel/framework/src/Illuminate/Foundation/Console/Kernel.php(494): Illuminate/Foundation/Application->bootstrapWith()
#33 D:/YG SoftX/Xone/drive/vendor/laravel/framework/src/Illuminate/Foundation/Console/Kernel.php(196): Illuminate/Foundation/Console/Kernel->bootstrap()
#34 D:/YG SoftX/Xone/drive/vendor/laravel/framework/src/Illuminate/Foundation/Application.php(1235): Illuminate/Foundation/Console/Kernel->handle()
#35 D:/YG SoftX/Xone/drive/artisan(13): Illuminate/Foundation/Application->handleCommand()
#36 {main}
"} 
[2026-05-11 22:14:28] production.ERROR: Class "App\Http\Controllers\Controller" not found {"exception":"[object] (Error(code: 0): Class \"App\\Http\\Controllers\\Controller\" not found at D:/YG SoftX/Xone/drive/app/Http/Controllers/DownloadController.php:11)
[stacktrace]
#0 D:/YG SoftX/Xone/drive/vendor/composer/ClassLoader.php(576): include()
#1 D:/YG SoftX/Xone/drive/vendor/composer/ClassLoader.php(427): Composer/Autoload/{closure}()
#2 [internal function]: Composer/Autoload/ClassLoader->loadClass()
#3 D:/YG SoftX/Xone/drive/vendor/laravel/framework/src/Illuminate/Reflection/Reflector.php(41): class_exists()
#4 D:/YG SoftX/Xone/drive/vendor/laravel/framework/src/Illuminate/Routing/RouteRegistrar.php(265): Illuminate/Support/Reflector::isCallable()
#5 D:/YG SoftX/Xone/drive/vendor/laravel/framework/src/Illuminate/Routing/RouteRegistrar.php(244): Illuminate/Routing/RouteRegistrar->compileAction()
#6 D:/YG SoftX/Xone/drive/vendor/laravel/framework/src/Illuminate/Routing/RouteRegistrar.php(294): Illuminate/Routing/RouteRegistrar->registerRoute()
#7 D:/YG SoftX/Xone/drive/routes/web.php(11): Illuminate/Routing/RouteRegistrar->__call()
#8 D:/YG SoftX/Xone/drive/vendor/laravel/framework/src/Illuminate/Routing/RouteFileRegistrar.php(34): require('...')
#9 D:/YG SoftX/Xone/drive/vendor/laravel/framework/src/Illuminate/Routing/Router.php(526): Illuminate/Routing/RouteFileRegistrar->register()
#10 D:/YG SoftX/Xone/drive/vendor/laravel/framework/src/Illuminate/Routing/Router.php(480): Illuminate/Routing/Router->loadRoutes()
#11 D:/YG SoftX/Xone/drive/vendor/laravel/framework/src/Illuminate/Routing/RouteRegistrar.php(212): Illuminate/Routing/Router->group()
#12 D:/YG SoftX/Xone/drive/vendor/laravel/framework/src/Illuminate/Foundation/Configuration/ApplicationBuilder.php(248): Illuminate/Routing/RouteRegistrar->group()
#13 D:/YG SoftX/Xone/drive/vendor/laravel/framework/src/Illuminate/Container/BoundMethod.php(36): Illuminate/Foundation/Configuration/ApplicationBuilder->Illuminate/Foundation/Configuration/{closure}()
#14 D:/YG SoftX/Xone/drive/vendor/laravel/framework/src/Illuminate/Container/Util.php(43): Illuminate/Container/BoundMethod::Illuminate/Container/{closure}()
#15 D:/YG SoftX/Xone/drive/vendor/laravel/framework/src/Illuminate/Container/BoundMethod.php(84): Illuminate/Container/Util::unwrapIfClosure()
#16 D:/YG SoftX/Xone/drive/vendor/laravel/framework/src/Illuminate/Container/BoundMethod.php(35): Illuminate/Container/BoundMethod::callBoundMethod()
#17 D:/YG SoftX/Xone/drive/vendor/laravel/framework/src/Illuminate/Container/Container.php(799): Illuminate/Container/BoundMethod::call()
#18 D:/YG SoftX/Xone/drive/vendor/laravel/framework/src/Illuminate/Foundation/Support/Providers/RouteServiceProvider.php(162): Illuminate/Container/Container->call()
#19 D:/YG SoftX/Xone/drive/vendor/laravel/framework/src/Illuminate/Foundation/Support/Providers/RouteServiceProvider.php(59): Illuminate/Foundation/Support/Providers/RouteServiceProvider->loadRoutes()
#20 D:/YG SoftX/Xone/drive/vendor/laravel/framework/src/Illuminate/Container/BoundMethod.php(36): Illuminate/Foundation/Support/Providers/RouteServiceProvider->Illuminate/Foundation/Support/Providers/{closure}()
#21 D:/YG SoftX/Xone/drive/vendor/laravel/framework/src/Illuminate/Container/Util.php(43): Illuminate/Container/BoundMethod::Illuminate/Container/{closure}()
#22 D:/YG SoftX/Xone/drive/vendor/laravel/framework/src/Illuminate/Container/BoundMethod.php(84): Illuminate/Container/Util::unwrapIfClosure()
#23 D:/YG SoftX/Xone/drive/vendor/laravel/framework/src/Illuminate/Container/BoundMethod.php(35): Illuminate/Container/BoundMethod::callBoundMethod()
#24 D:/YG SoftX/Xone/drive/vendor/laravel/framework/src/Illuminate/Container/Container.php(799): Illuminate/Container/BoundMethod::call()
#25 D:/YG SoftX/Xone/drive/vendor/laravel/framework/src/Illuminate/Support/ServiceProvider.php(150): Illuminate/Container/Container->call()
#26 D:/YG SoftX/Xone/drive/vendor/laravel/framework/src/Illuminate/Foundation/Application.php(1154): Illuminate/Support/ServiceProvider->callBootedCallbacks()
#27 D:/YG SoftX/Xone/drive/vendor/laravel/framework/src/Illuminate/Foundation/Application.php(1132): Illuminate/Foundation/Application->bootProvider()
#28 [internal function]: Illuminate/Foundation/Application->Illuminate/Foundation/{closure}()
#29 D:/YG SoftX/Xone/drive/vendor/laravel/framework/src/Illuminate/Foundation/Application.php(1131): array_walk()
#30 D:/YG SoftX/Xone/drive/vendor/laravel/framework/src/Illuminate/Foundation/Bootstrap/BootProviders.php(17): Illuminate/Foundation/Application->boot()
#31 D:/YG SoftX/Xone/drive/vendor/laravel/framework/src/Illuminate/Foundation/Application.php(342): Illuminate/Foundation/Bootstrap/BootProviders->bootstrap()
#32 D:/YG SoftX/Xone/drive/vendor/laravel/framework/src/Illuminate/Foundation/Console/Kernel.php(494): Illuminate/Foundation/Application->bootstrapWith()
#33 D:/YG SoftX/Xone/drive/vendor/laravel/framework/src/Illuminate/Foundation/Console/Kernel.php(196): Illuminate/Foundation/Console/Kernel->bootstrap()
#34 D:/YG SoftX/Xone/drive/vendor/laravel/framework/src/Illuminate/Foundation/Application.php(1235): Illuminate/Foundation/Console/Kernel->handle()
#35 D:/YG SoftX/Xone/drive/artisan(13): Illuminate/Foundation/Application->handleCommand()
#36 {main}
"} 
[2026-05-12 07:29:45] production.ERROR: Class "App\Http\Controllers\Controller" not found {"exception":"[object] (Error(code: 0): Class \"App\\Http\\Controllers\\Controller\" not found at D:/YG SoftX/Xone/drive/app/Http/Controllers/DownloadController.php:11)
[stacktrace]
#0 D:/YG SoftX/Xone/drive/vendor/composer/ClassLoader.php(576): include()
#1 D:/YG SoftX/Xone/drive/vendor/composer/ClassLoader.php(427): Composer/Autoload/{closure}()
#2 [internal function]: Composer/Autoload/ClassLoader->loadClass()
#3 D:/YG SoftX/Xone/drive/vendor/laravel/framework/src/Illuminate/Reflection/Reflector.php(41): class_exists()
#4 D:/YG SoftX/Xone/drive/vendor/laravel/framework/src/Illuminate/Routing/RouteRegistrar.php(265): Illuminate/Support/Reflector::isCallable()
#5 D:/YG SoftX/Xone/drive/vendor/laravel/framework/src/Illuminate/Routing/RouteRegistrar.php(244): Illuminate/Routing/RouteRegistrar->compileAction()
#6 D:/YG SoftX/Xone/drive/vendor/laravel/framework/src/Illuminate/Routing/RouteRegistrar.php(294): Illuminate/Routing/RouteRegistrar->registerRoute()
#7 D:/YG SoftX/Xone/drive/routes/web.php(11): Illuminate/Routing/RouteRegistrar->__call()
#8 D:/YG SoftX/Xone/drive/vendor/laravel/framework/src/Illuminate/Routing/RouteFileRegistrar.php(34): require('...')
#9 D:/YG SoftX/Xone/drive/vendor/laravel/framework/src/Illuminate/Routing/Router.php(526): Illuminate/Routing/RouteFileRegistrar->register()
#10 D:/YG SoftX/Xone/drive/vendor/laravel/framework/src/Illuminate/Routing/Router.php(480): Illuminate/Routing/Router->loadRoutes()
#11 D:/YG SoftX/Xone/drive/vendor/laravel/framework/src/Illuminate/Routing/RouteRegistrar.php(212): Illuminate/Routing/Router->group()
#12 D:/YG SoftX/Xone/drive/vendor/laravel/framework/src/Illuminate/Foundation/Configuration/ApplicationBuilder.php(248): Illuminate/Routing/RouteRegistrar->group()
#13 D:/YG SoftX/Xone/drive/vendor/laravel/framework/src/Illuminate/Container/BoundMethod.php(36): Illuminate/Foundation/Configuration/ApplicationBuilder->Illuminate/Foundation/Configuration/{closure}()
#14 D:/YG SoftX/Xone/drive/vendor/laravel/framework/src/Illuminate/Container/Util.php(43): Illuminate/Container/BoundMethod::Illuminate/Container/{closure}()
#15 D:/YG SoftX/Xone/drive/vendor/laravel/framework/src/Illuminate/Container/BoundMethod.php(84): Illuminate/Container/Util::unwrapIfClosure()
#16 D:/YG SoftX/Xone/drive/vendor/laravel/framework/src/Illuminate/Container/BoundMethod.php(35): Illuminate/Container/BoundMethod::callBoundMethod()
#17 D:/YG SoftX/Xone/drive/vendor/laravel/framework/src/Illuminate/Container/Container.php(799): Illuminate/Container/BoundMethod::call()
#18 D:/YG SoftX/Xone/drive/vendor/laravel/framework/src/Illuminate/Foundation/Support/Providers/RouteServiceProvider.php(162): Illuminate/Container/Container->call()
#19 D:/YG SoftX/Xone/drive/vendor/laravel/framework/src/Illuminate/Foundation/Support/Providers/RouteServiceProvider.php(59): Illuminate/Foundation/Support/Providers/RouteServiceProvider->loadRoutes()
#20 D:/YG SoftX/Xone/drive/vendor/laravel/framework/src/Illuminate/Container/BoundMethod.php(36): Illuminate/Foundation/Support/Providers/RouteServiceProvider->Illuminate/Foundation/Support/Providers/{closure}()
#21 D:/YG SoftX/Xone/drive/vendor/laravel/framework/src/Illuminate/Container/Util.php(43): Illuminate/Container/BoundMethod::Illuminate/Container/{closure}()
#22 D:/YG SoftX/Xone/drive/vendor/laravel/framework/src/Illuminate/Container/BoundMethod.php(84): Illuminate/Container/Util::unwrapIfClosure()
#23 D:/YG SoftX/Xone/drive/vendor/laravel/framework/src/Illuminate/Container/BoundMethod.php(35): Illuminate/Container/BoundMethod::callBoundMethod()
#24 D:/YG SoftX/Xone/drive/vendor/laravel/framework/src/Illuminate/Container/Container.php(799): Illuminate/Container/BoundMethod::call()
#25 D:/YG SoftX/Xone/drive/vendor/laravel/framework/src/Illuminate/Support/ServiceProvider.php(150): Illuminate/Container/Container->call()
#26 D:/YG SoftX/Xone/drive/vendor/laravel/framework/src/Illuminate/Foundation/Application.php(1154): Illuminate/Support/ServiceProvider->callBootedCallbacks()
#27 D:/YG SoftX/Xone/drive/vendor/laravel/framework/src/Illuminate/Foundation/Application.php(1132): Illuminate/Foundation/Application->bootProvider()
#28 [internal function]: Illuminate/Foundation/Application->Illuminate/Foundation/{closure}()
#29 D:/YG SoftX/Xone/drive/vendor/laravel/framework/src/Illuminate/Foundation/Application.php(1131): array_walk()
#30 D:/YG SoftX/Xone/drive/vendor/laravel/framework/src/Illuminate/Foundation/Bootstrap/BootProviders.php(17): Illuminate/Foundation/Application->boot()
#31 D:/YG SoftX/Xone/drive/vendor/laravel/framework/src/Illuminate/Foundation/Application.php(342): Illuminate/Foundation/Bootstrap/BootProviders->bootstrap()
#32 D:/YG SoftX/Xone/drive/vendor/laravel/framework/src/Illuminate/Foundation/Console/Kernel.php(494): Illuminate/Foundation/Application->bootstrapWith()
#33 D:/YG SoftX/Xone/drive/vendor/laravel/framework/src/Illuminate/Foundation/Console/Kernel.php(196): Illuminate/Foundation/Console/Kernel->bootstrap()
#34 D:/YG SoftX/Xone/drive/vendor/laravel/framework/src/Illuminate/Foundation/Application.php(1235): Illuminate/Foundation/Console/Kernel->handle()
#35 D:/YG SoftX/Xone/drive/artisan(13): Illuminate/Foundation/Application->handleCommand()
#36 {main}
"} 
